******************************************************************************
            TI ARM Clang Linker PC v3.2.2                      
******************************************************************************
>> Linked Fri Jul 26 15:33:43 2024

OUTPUT FILE NAME:   <i2c_target_rw_multibyte_fifo_poll_LP_MSPM0G3507_nortos_ticlang.out>
ENTRY POINT SYMBOL: "_c_int00_noinit_noargs"  address: 00000ef9


MEMORY CONFIGURATION

         name            origin    length      used     unused   attr    fill
----------------------  --------  ---------  --------  --------  ----  --------
  FLASH                 00000000   00020000  00001078  0001ef88  R  X
  SRAM                  20200000   00008000  00000200  00007e00  RW X
  BCR_CONFIG            41c00000   00000080  00000000  00000080  R   
  BSL_CONFIG            41c00100   00000080  00000000  00000080  R   


SEGMENT ALLOCATION MAP

run origin  load origin   length   init length attrs members
----------  ----------- ---------- ----------- ----- -------
00000000    00000000    00001078   00001078    r-x
  00000000    00000000    000000c0   000000c0    r-- .intvecs
  000000c0    000000c0    00000828   00000828    r-- .rodata
  000008e8    000008e8    00000790   00000790    r-x .text
20207e00    20207e00    00000200   00000000    rw-
  20207e00    20207e00    00000200   00000000    rw- .stack


SECTION ALLOCATION MAP

 output                                  attributes/
section   page    origin      length       input sections
--------  ----  ----------  ----------   ----------------
.intvecs   0    00000000    000000c0     
                  00000000    000000c0     startup_mspm0g350x_ticlang.o (.intvecs)

.text      0    000008e8    00000790     
                  000008e8    00000118     oled.o (.text.OLED_ShowChar)
                  00000a00    000000fa     oled.o (.text.OLED_Init)
                  00000afa    00000002     libclang_rt.builtins.a : aeabi_div0.c.obj (.text.__aeabi_idiv0)
                  00000afc    00000080     oled.o (.text.Send_Byte)
                  00000b7c    00000070     oled.o (.text.OLED_ShowString)
                  00000bec    0000006a     oled.o (.text.OLED_Clear)
                  00000c56    0000004e     oled.o (.text.OLED_WR_Byte)
                  00000ca4    0000004c     ti_msp_dl_config.o (.text.SYSCFG_DL_GPIO_init)
                  00000cf0    00000040     oled.o (.text.I2C_Start)
                  00000d30    00000040     libclang_rt.builtins.a : aeabi_uidivmod.S.obj (.text.__aeabi_uidivmod)
                  00000d70    0000003c     oled.o (.text.OLED_Set_Pos)
                  00000dac    0000003c     OLED_SHOW.o (.text.main)
                  00000de8    00000034     oled.o (.text.I2C_Stop)
                  00000e1c    00000034     oled.o (.text.I2C_WaitAck)
                  00000e50    00000034     ti_msp_dl_config.o (.text.SYSCFG_DL_initPower)
                  00000e84    0000002a     ti_msp_dl_config.o (.text.SYSCFG_DL_SYSCTL_init)
                  00000eae    00000028     ti_msp_dl_config.o (.text.DL_Common_updateReg)
                  00000ed6    00000022     oled.o (.text.delay_ms)
                  00000ef8    00000020     libc.a : boot_cortex_m.c.obj (.text:_c_int00_noinit_noargs)
                  00000f18    0000001c     ti_msp_dl_config.o (.text.DL_SYSCTL_setMCLKDivider)
                  00000f34    0000001c     ti_msp_dl_config.o (.text.DL_SYSCTL_setSYSOSCFreq)
                  00000f50    0000001c     ti_msp_dl_config.o (.text.DL_SYSCTL_setULPCLKDivider)
                  00000f6c    00000018     ti_msp_dl_config.o (.text.DL_GPIO_enableOutput)
                  00000f84    00000018     ti_msp_dl_config.o (.text.DL_GPIO_enablePower)
                  00000f9c    00000018     ti_msp_dl_config.o (.text.DL_GPIO_initDigitalOutput)
                  00000fb4    00000018     ti_msp_dl_config.o (.text.DL_GPIO_reset)
                  00000fcc    00000018     oled.o (.text.DL_GPIO_setPins)
                  00000fe4    00000018     ti_msp_dl_config.o (.text.DL_SYSCTL_setBORThreshold)
                  00000ffc    00000014     oled.o (.text.DL_GPIO_clearPins)
                  00001010    00000014     ti_msp_dl_config.o (.text.DL_GPIO_clearPins)
                  00001024    00000014     ti_msp_dl_config.o (.text.DL_SYSCTL_disableSYSPLL)
                  00001038    00000010     ti_msp_dl_config.o (.text.DL_SYSCTL_disableHFXT)
                  00001048    00000010     ti_msp_dl_config.o (.text.SYSCFG_DL_init)
                  00001058    0000000a     driverlib.a : dl_common.o (.text.DL_Common_delayCycles)
                  00001062    00000004     startup_mspm0g350x_ticlang.o (.text.Default_Handler)
                  00001066    00000004     startup_mspm0g350x_ticlang.o (.text.Reset_Handler)
                  0000106a    00000004     libc.a : pre_init.c.obj (.text._system_pre_init)
                  0000106e    00000004            : exit.c.obj (.text:abort)
                  00001072    00000006     --HOLE-- [fill = 0]

.cinit     0    00000000    00000000     

.rodata    0    000000c0    00000828     
                  000000c0    000005f0     oled.o (.rodata.asc2_1608)
                  000006b0    00000228     oled.o (.rodata.asc2_0806)
                  000008d8    0000000b     OLED_SHOW.o (.rodata.str1.88464046094416546081)
                  000008e3    00000004     OLED_SHOW.o (.rodata.str1.176266304417227284231)
                  000008e7    00000001     --HOLE-- [fill = 0]

.init_array 
*          0    00000000    00000000     UNINITIALIZED

.binit     0    00000000    00000000     

.stack     0    20207e00    00000200     UNINITIALIZED
                  20207e00    00000004     libc.a : boot_cortex_m.c.obj (.stack)
                  20207e04    000001fc     --HOLE--

__llvm_prf_cnts 
*          0    20200000    00000000     UNINITIALIZED

__llvm_prf_bits 
*          0    20200000    00000000     UNINITIALIZED

MODULE SUMMARY

       Module                         code   ro data   rw data
       ------                         ----   -------   -------
    .\
       ti_msp_dl_config.o             486    0         0      
       OLED_SHOW.o                    60     15        0      
    +--+------------------------------+------+---------+---------+
       Total:                         546    15        0      
                                                              
    .\OLED\
       oled.o                         1260   2072      0      
       startup_mspm0g350x_ticlang.o   8      192       0      
    +--+------------------------------+------+---------+---------+
       Total:                         1268   2264      0      
                                                              
    C:/ti/mspm0_sdk_2_01_00_03/source/ti/driverlib/lib/ticlang/m0p/mspm0g1x0x_g3x0x/driverlib.a
       dl_common.o                    10     0         0      
    +--+------------------------------+------+---------+---------+
       Total:                         10     0         0      
                                                              
    D:\ccs_theia\ccs\tools\compiler\ti-cgt-armllvm_3.2.2.LTS\lib\armv6m-ti-none-eabi/c/libc.a
       boot_cortex_m.c.obj            32     0         0      
       exit.c.obj                     4      0         0      
       pre_init.c.obj                 4      0         0      
    +--+------------------------------+------+---------+---------+
       Total:                         40     0         0      
                                                              
    D:\ccs_theia\ccs\tools\compiler\ti-cgt-armllvm_3.2.2.LTS\lib\clang/15.0.7/lib/armv6m-ti-none-eabi/libclang_rt.builtins.a
       aeabi_uidivmod.S.obj           64     0         0      
       aeabi_div0.c.obj               2      0         0      
    +--+------------------------------+------+---------+---------+
       Total:                         66     0         0      
                                                              
       Stack:                         0      0         512    
    +--+------------------------------+------+---------+---------+
       Grand Total:                   1930   2279      512    


GLOBAL SYMBOLS: SORTED ALPHABETICALLY BY Name 

address   name                    
-------   ----                    
00001063  ADC0_IRQHandler         
00001063  ADC1_IRQHandler         
00001063  AES_IRQHandler          
0000106e  C$$EXIT                 
00001063  CANFD0_IRQHandler       
00001063  DAC0_IRQHandler         
00001059  DL_Common_delayCycles   
00001063  DMA_IRQHandler          
00001063  Default_Handler         
00001063  GROUP0_IRQHandler       
00001063  GROUP1_IRQHandler       
00001063  HardFault_Handler       
00001063  I2C0_IRQHandler         
00001063  I2C1_IRQHandler         
00000cf1  I2C_Start               
00000de9  I2C_Stop                
00000e1d  I2C_WaitAck             
00001063  NMI_Handler             
00000bed  OLED_Clear              
00000a01  OLED_Init               
00000d71  OLED_Set_Pos            
000008e9  OLED_ShowChar           
00000b7d  OLED_ShowString         
00000c57  OLED_WR_Byte            
00001063  PendSV_Handler          
00001063  RTC_IRQHandler          
00001067  Reset_Handler           
00001063  SPI0_IRQHandler         
00001063  SPI1_IRQHandler         
00001063  SVC_Handler             
00000ca5  SYSCFG_DL_GPIO_init     
00000e85  SYSCFG_DL_SYSCTL_init   
00001049  SYSCFG_DL_init          
00000e51  SYSCFG_DL_initPower     
00000afd  Send_Byte               
00001063  SysTick_Handler         
00001063  TIMA0_IRQHandler        
00001063  TIMA1_IRQHandler        
00001063  TIMG0_IRQHandler        
00001063  TIMG12_IRQHandler       
00001063  TIMG6_IRQHandler        
00001063  TIMG7_IRQHandler        
00001063  TIMG8_IRQHandler        
00001063  UART0_IRQHandler        
00001063  UART1_IRQHandler        
00001063  UART2_IRQHandler        
00001063  UART3_IRQHandler        
20208000  __STACK_END             
00000200  __STACK_SIZE            
00000000  __TI_ATRegion0_region_sz
00000000  __TI_ATRegion0_src_addr 
00000000  __TI_ATRegion0_trg_addr 
00000000  __TI_ATRegion1_region_sz
00000000  __TI_ATRegion1_src_addr 
00000000  __TI_ATRegion1_trg_addr 
00000000  __TI_ATRegion2_region_sz
00000000  __TI_ATRegion2_src_addr 
00000000  __TI_ATRegion2_trg_addr 
00000000  __TI_CINIT_Base         
00000000  __TI_CINIT_Limit        
00000000  __TI_CINIT_Warm         
ffffffff  __TI_pprof_out_hndl     
ffffffff  __TI_prof_data_size     
ffffffff  __TI_prof_data_start    
00000000  __TI_static_base__      
00000afb  __aeabi_idiv0           
00000d31  __aeabi_uidiv           
00000d31  __aeabi_uidivmod        
ffffffff  __binit__               
UNDEFED   __mpu_init              
20207e00  __stack                 
20200000  __start___llvm_prf_bits 
20200000  __start___llvm_prf_cnts 
20200000  __stop___llvm_prf_bits  
20200000  __stop___llvm_prf_cnts  
00000ef9  _c_int00_noinit_noargs  
0000106b  _system_pre_init        
0000106f  abort                   
000006b0  asc2_0806               
000000c0  asc2_1608               
ffffffff  binit                   
00000ed7  delay_ms                
00000000  interruptVectors        
00000dad  main                    


GLOBAL SYMBOLS: SORTED BY Symbol Address 

address   name                    
-------   ----                    
00000000  __TI_ATRegion0_region_sz
00000000  __TI_ATRegion0_src_addr 
00000000  __TI_ATRegion0_trg_addr 
00000000  __TI_ATRegion1_region_sz
00000000  __TI_ATRegion1_src_addr 
00000000  __TI_ATRegion1_trg_addr 
00000000  __TI_ATRegion2_region_sz
00000000  __TI_ATRegion2_src_addr 
00000000  __TI_ATRegion2_trg_addr 
00000000  __TI_CINIT_Base         
00000000  __TI_CINIT_Limit        
00000000  __TI_CINIT_Warm         
00000000  __TI_static_base__      
00000000  interruptVectors        
000000c0  asc2_1608               
00000200  __STACK_SIZE            
000006b0  asc2_0806               
000008e9  OLED_ShowChar           
00000a01  OLED_Init               
00000afb  __aeabi_idiv0           
00000afd  Send_Byte               
00000b7d  OLED_ShowString         
00000bed  OLED_Clear              
00000c57  OLED_WR_Byte            
00000ca5  SYSCFG_DL_GPIO_init     
00000cf1  I2C_Start               
00000d31  __aeabi_uidiv           
00000d31  __aeabi_uidivmod        
00000d71  OLED_Set_Pos            
00000dad  main                    
00000de9  I2C_Stop                
00000e1d  I2C_WaitAck             
00000e51  SYSCFG_DL_initPower     
00000e85  SYSCFG_DL_SYSCTL_init   
00000ed7  delay_ms                
00000ef9  _c_int00_noinit_noargs  
00001049  SYSCFG_DL_init          
00001059  DL_Common_delayCycles   
00001063  ADC0_IRQHandler         
00001063  ADC1_IRQHandler         
00001063  AES_IRQHandler          
00001063  CANFD0_IRQHandler       
00001063  DAC0_IRQHandler         
00001063  DMA_IRQHandler          
00001063  Default_Handler         
00001063  GROUP0_IRQHandler       
00001063  GROUP1_IRQHandler       
00001063  HardFault_Handler       
00001063  I2C0_IRQHandler         
00001063  I2C1_IRQHandler         
00001063  NMI_Handler             
00001063  PendSV_Handler          
00001063  RTC_IRQHandler          
00001063  SPI0_IRQHandler         
00001063  SPI1_IRQHandler         
00001063  SVC_Handler             
00001063  SysTick_Handler         
00001063  TIMA0_IRQHandler        
00001063  TIMA1_IRQHandler        
00001063  TIMG0_IRQHandler        
00001063  TIMG12_IRQHandler       
00001063  TIMG6_IRQHandler        
00001063  TIMG7_IRQHandler        
00001063  TIMG8_IRQHandler        
00001063  UART0_IRQHandler        
00001063  UART1_IRQHandler        
00001063  UART2_IRQHandler        
00001063  UART3_IRQHandler        
00001067  Reset_Handler           
0000106b  _system_pre_init        
0000106e  C$$EXIT                 
0000106f  abort                   
20200000  __start___llvm_prf_bits 
20200000  __start___llvm_prf_cnts 
20200000  __stop___llvm_prf_bits  
20200000  __stop___llvm_prf_cnts  
20207e00  __stack                 
20208000  __STACK_END             
ffffffff  __TI_pprof_out_hndl     
ffffffff  __TI_prof_data_size     
ffffffff  __TI_prof_data_start    
ffffffff  __binit__               
ffffffff  binit                   
UNDEFED   __mpu_init              

[84 symbols]
