<?xml version="1.0" encoding="ISO-8859-1" ?>
<link_info>
   <banner>TI ARM Clang Linker PC v3.2.2.LTS</banner>
   <copyright>Copyright (c) 1996-2018 Texas Instruments Incorporated</copyright>
   <link_time>0x66b1932b</link_time>
   <link_errors>0x0</link_errors>
   <output_file>C:\Users\wangjie\workspace_ccstheia\MY PROJECT\Debug\MY PROJECT.out</output_file>
   <entry_point>
      <name>_c_int00_noargs</name>
      <address>0x27f1</address>
   </entry_point>
   <input_file_list>
      <input_file id="fl-1">
         <path>C:\Users\wangjie\workspace_ccstheia\MY PROJECT\Debug\.\</path>
         <kind>object</kind>
         <file>ti_msp_dl_config.o</file>
         <name>ti_msp_dl_config.o</name>
      </input_file>
      <input_file id="fl-2">
         <path>C:\Users\wangjie\workspace_ccstheia\MY PROJECT\Debug\.\</path>
         <kind>object</kind>
         <file>startup_mspm0g350x_ticlang.o</file>
         <name>startup_mspm0g350x_ticlang.o</name>
      </input_file>
      <input_file id="fl-3">
         <path>C:\Users\wangjie\workspace_ccstheia\MY PROJECT\Debug\.\</path>
         <kind>object</kind>
         <file>main.o</file>
         <name>main.o</name>
      </input_file>
      <input_file id="fl-4">
         <path>C:\Users\wangjie\workspace_ccstheia\MY PROJECT\Debug\.\OLED\</path>
         <kind>object</kind>
         <file>oled.o</file>
         <name>oled.o</name>
      </input_file>
      <input_file id="fl-5">
         <path>C:\Users\wangjie\workspace_ccstheia\MY PROJECT\Debug\.\Pathfinding_algorithm\</path>
         <kind>object</kind>
         <file>firstmode.o</file>
         <name>firstmode.o</name>
      </input_file>
      <input_file id="fl-6">
         <path>C:\Users\wangjie\workspace_ccstheia\MY PROJECT\Debug\.\Pathfinding_algorithm\</path>
         <kind>object</kind>
         <file>secondmode.o</file>
         <name>secondmode.o</name>
      </input_file>
      <input_file id="fl-7">
         <path>C:\Users\wangjie\workspace_ccstheia\MY PROJECT\Debug\.\Pathfinding_algorithm\</path>
         <kind>object</kind>
         <file>thirdmode.o</file>
         <name>thirdmode.o</name>
      </input_file>
      <input_file id="fl-8">
         <path>C:\Users\wangjie\workspace_ccstheia\MY PROJECT\Debug\.\hardware\</path>
         <kind>object</kind>
         <file>gpioreader.o</file>
         <name>gpioreader.o</name>
      </input_file>
      <input_file id="fl-9">
         <path>C:\Users\wangjie\workspace_ccstheia\MY PROJECT\Debug\.\hardware\</path>
         <kind>object</kind>
         <file>motor.o</file>
         <name>motor.o</name>
      </input_file>
      <input_file id="fl-a">
         <path>C:\Users\wangjie\workspace_ccstheia\MY PROJECT\Debug\.\hardware\</path>
         <kind>object</kind>
         <file>pid.o</file>
         <name>pid.o</name>
      </input_file>
      <input_file id="fl-17">
         <path>C:\Users\wangjie\workspace_ccstheia\MY PROJECT\Debug\</path>
         <kind>object</kind>
         <file>&lt;internal&gt;</file>
         <name>&lt;internal&gt;</name>
      </input_file>
      <input_file id="fl-18">
         <path>C:\ti\mspm0_sdk_2_01_00_03\source\ti\driverlib\lib\ticlang\m0p\mspm0g1x0x_g3x0x\</path>
         <kind>archive</kind>
         <file>driverlib.a</file>
         <name>dl_common.o</name>
      </input_file>
      <input_file id="fl-19">
         <path>C:\ti\mspm0_sdk_2_01_00_03\source\ti\driverlib\lib\ticlang\m0p\mspm0g1x0x_g3x0x\</path>
         <kind>archive</kind>
         <file>driverlib.a</file>
         <name>dl_timer.o</name>
      </input_file>
      <input_file id="fl-1a">
         <path>C:\ti\mspm0_sdk_2_01_00_03\source\ti\driverlib\lib\ticlang\m0p\mspm0g1x0x_g3x0x\</path>
         <kind>archive</kind>
         <file>driverlib.a</file>
         <name>dl_uart.o</name>
      </input_file>
      <input_file id="fl-29">
         <path>C:\ti\ccstheia141\ccs\tools\compiler\ti-cgt-armllvm_3.2.2.LTS\lib\armv6m-ti-none-eabi\c\</path>
         <kind>archive</kind>
         <file>libc.a</file>
         <name>boot_cortex_m.c.obj</name>
      </input_file>
      <input_file id="fl-2a">
         <path>C:\ti\ccstheia141\ccs\tools\compiler\ti-cgt-armllvm_3.2.2.LTS\lib\armv6m-ti-none-eabi\c\</path>
         <kind>archive</kind>
         <file>libc.a</file>
         <name>mathacl_init.c.obj</name>
      </input_file>
      <input_file id="fl-2b">
         <path>C:\ti\ccstheia141\ccs\tools\compiler\ti-cgt-armllvm_3.2.2.LTS\lib\armv6m-ti-none-eabi\c\</path>
         <kind>archive</kind>
         <file>libc.a</file>
         <name>autoinit.c.obj</name>
      </input_file>
      <input_file id="fl-2c">
         <path>C:\ti\ccstheia141\ccs\tools\compiler\ti-cgt-armllvm_3.2.2.LTS\lib\armv6m-ti-none-eabi\c\</path>
         <kind>archive</kind>
         <file>libc.a</file>
         <name>pre_init.c.obj</name>
      </input_file>
      <input_file id="fl-2d">
         <path>C:\ti\ccstheia141\ccs\tools\compiler\ti-cgt-armllvm_3.2.2.LTS\lib\armv6m-ti-none-eabi\c\</path>
         <kind>archive</kind>
         <file>libc.a</file>
         <name>cpy_tbl.c.obj</name>
      </input_file>
      <input_file id="fl-2e">
         <path>C:\ti\ccstheia141\ccs\tools\compiler\ti-cgt-armllvm_3.2.2.LTS\lib\armv6m-ti-none-eabi\c\</path>
         <kind>archive</kind>
         <file>libc.a</file>
         <name>copy_zero_init.c.obj</name>
      </input_file>
      <input_file id="fl-2f">
         <path>C:\ti\ccstheia141\ccs\tools\compiler\ti-cgt-armllvm_3.2.2.LTS\lib\armv6m-ti-none-eabi\c\</path>
         <kind>archive</kind>
         <file>libc.a</file>
         <name>copy_decompress_none.c.obj</name>
      </input_file>
      <input_file id="fl-30">
         <path>C:\ti\ccstheia141\ccs\tools\compiler\ti-cgt-armllvm_3.2.2.LTS\lib\armv6m-ti-none-eabi\c\</path>
         <kind>archive</kind>
         <file>libc.a</file>
         <name>copy_decompress_lzss.c.obj</name>
      </input_file>
      <input_file id="fl-31">
         <path>C:\ti\ccstheia141\ccs\tools\compiler\ti-cgt-armllvm_3.2.2.LTS\lib\armv6m-ti-none-eabi\c\</path>
         <kind>archive</kind>
         <file>libc.a</file>
         <name>exit.c.obj</name>
      </input_file>
      <input_file id="fl-32">
         <path>C:\ti\ccstheia141\ccs\tools\compiler\ti-cgt-armllvm_3.2.2.LTS\lib\armv6m-ti-none-eabi\c\</path>
         <kind>archive</kind>
         <file>libc.a</file>
         <name>_lock.c.obj</name>
      </input_file>
      <input_file id="fl-33">
         <path>C:\ti\ccstheia141\ccs\tools\compiler\ti-cgt-armllvm_3.2.2.LTS\lib\armv6m-ti-none-eabi\c\</path>
         <kind>archive</kind>
         <file>libc.a</file>
         <name>args_main.c.obj</name>
      </input_file>
      <input_file id="fl-99">
         <path>C:\ti\ccstheia141\ccs\tools\compiler\ti-cgt-armllvm_3.2.2.LTS\lib\clang\15.0.7\lib\armv6m-ti-none-eabi\</path>
         <kind>archive</kind>
         <file>libclang_rt.builtins.a</file>
         <name>addsf3.S.obj</name>
      </input_file>
      <input_file id="fl-9a">
         <path>C:\ti\ccstheia141\ccs\tools\compiler\ti-cgt-armllvm_3.2.2.LTS\lib\clang\15.0.7\lib\armv6m-ti-none-eabi\</path>
         <kind>archive</kind>
         <file>libclang_rt.builtins.a</file>
         <name>adddf3.S.obj</name>
      </input_file>
      <input_file id="fl-9b">
         <path>C:\ti\ccstheia141\ccs\tools\compiler\ti-cgt-armllvm_3.2.2.LTS\lib\clang\15.0.7\lib\armv6m-ti-none-eabi\</path>
         <kind>archive</kind>
         <file>libclang_rt.builtins.a</file>
         <name>mulsf3.S.obj</name>
      </input_file>
      <input_file id="fl-9c">
         <path>C:\ti\ccstheia141\ccs\tools\compiler\ti-cgt-armllvm_3.2.2.LTS\lib\clang\15.0.7\lib\armv6m-ti-none-eabi\</path>
         <kind>archive</kind>
         <file>libclang_rt.builtins.a</file>
         <name>extendsfdf2.S.obj</name>
      </input_file>
      <input_file id="fl-9d">
         <path>C:\ti\ccstheia141\ccs\tools\compiler\ti-cgt-armllvm_3.2.2.LTS\lib\clang\15.0.7\lib\armv6m-ti-none-eabi\</path>
         <kind>archive</kind>
         <file>libclang_rt.builtins.a</file>
         <name>fixunssfsi.S.obj</name>
      </input_file>
      <input_file id="fl-9e">
         <path>C:\ti\ccstheia141\ccs\tools\compiler\ti-cgt-armllvm_3.2.2.LTS\lib\clang\15.0.7\lib\armv6m-ti-none-eabi\</path>
         <kind>archive</kind>
         <file>libclang_rt.builtins.a</file>
         <name>floatsisf.S.obj</name>
      </input_file>
      <input_file id="fl-9f">
         <path>C:\ti\ccstheia141\ccs\tools\compiler\ti-cgt-armllvm_3.2.2.LTS\lib\clang\15.0.7\lib\armv6m-ti-none-eabi\</path>
         <kind>archive</kind>
         <file>libclang_rt.builtins.a</file>
         <name>floatunsisf.S.obj</name>
      </input_file>
      <input_file id="fl-a0">
         <path>C:\ti\ccstheia141\ccs\tools\compiler\ti-cgt-armllvm_3.2.2.LTS\lib\clang\15.0.7\lib\armv6m-ti-none-eabi\</path>
         <kind>archive</kind>
         <file>libclang_rt.builtins.a</file>
         <name>truncdfsf2.S.obj</name>
      </input_file>
      <input_file id="fl-a1">
         <path>C:\ti\ccstheia141\ccs\tools\compiler\ti-cgt-armllvm_3.2.2.LTS\lib\clang\15.0.7\lib\armv6m-ti-none-eabi\</path>
         <kind>archive</kind>
         <file>libclang_rt.builtins.a</file>
         <name>aeabi_fcmp.S.obj</name>
      </input_file>
      <input_file id="fl-a2">
         <path>C:\ti\ccstheia141\ccs\tools\compiler\ti-cgt-armllvm_3.2.2.LTS\lib\clang\15.0.7\lib\armv6m-ti-none-eabi\</path>
         <kind>archive</kind>
         <file>libclang_rt.builtins.a</file>
         <name>aeabi_memcpy.S.obj</name>
      </input_file>
      <input_file id="fl-a3">
         <path>C:\ti\ccstheia141\ccs\tools\compiler\ti-cgt-armllvm_3.2.2.LTS\lib\clang\15.0.7\lib\armv6m-ti-none-eabi\</path>
         <kind>archive</kind>
         <file>libclang_rt.builtins.a</file>
         <name>aeabi_memset.S.obj</name>
      </input_file>
      <input_file id="fl-a4">
         <path>C:\ti\ccstheia141\ccs\tools\compiler\ti-cgt-armllvm_3.2.2.LTS\lib\clang\15.0.7\lib\armv6m-ti-none-eabi\</path>
         <kind>archive</kind>
         <file>libclang_rt.builtins.a</file>
         <name>aeabi_uidivmod.S.obj</name>
      </input_file>
      <input_file id="fl-a5">
         <path>C:\ti\ccstheia141\ccs\tools\compiler\ti-cgt-armllvm_3.2.2.LTS\lib\clang\15.0.7\lib\armv6m-ti-none-eabi\</path>
         <kind>archive</kind>
         <file>libclang_rt.builtins.a</file>
         <name>comparesf2.S.obj</name>
      </input_file>
      <input_file id="fl-a6">
         <path>C:\ti\ccstheia141\ccs\tools\compiler\ti-cgt-armllvm_3.2.2.LTS\lib\clang\15.0.7\lib\armv6m-ti-none-eabi\</path>
         <kind>archive</kind>
         <file>libclang_rt.builtins.a</file>
         <name>muldsi3.S.obj</name>
      </input_file>
      <input_file id="fl-a7">
         <path>C:\ti\ccstheia141\ccs\tools\compiler\ti-cgt-armllvm_3.2.2.LTS\lib\clang\15.0.7\lib\armv6m-ti-none-eabi\</path>
         <kind>archive</kind>
         <file>libclang_rt.builtins.a</file>
         <name>fixsfsi.S.obj</name>
      </input_file>
      <input_file id="fl-a8">
         <path>C:\ti\ccstheia141\ccs\tools\compiler\ti-cgt-armllvm_3.2.2.LTS\lib\clang\15.0.7\lib\armv6m-ti-none-eabi\</path>
         <kind>archive</kind>
         <file>libclang_rt.builtins.a</file>
         <name>aeabi_div0.c.obj</name>
      </input_file>
      <input_file id="fl-a9">
         <path>C:\ti\ccstheia141\ccs\tools\compiler\ti-cgt-armllvm_3.2.2.LTS\lib\armv6m-ti-none-eabi\c\</path>
         <kind>archive</kind>
         <file>libc.a</file>
         <name>memcpy16.S.obj</name>
      </input_file>
      <input_file id="fl-aa">
         <path>C:\ti\ccstheia141\ccs\tools\compiler\ti-cgt-armllvm_3.2.2.LTS\lib\armv6m-ti-none-eabi\c\</path>
         <kind>archive</kind>
         <file>libc.a</file>
         <name>memset16.S.obj</name>
      </input_file>
   </input_file_list>
   <object_component_list>
      <object_component id="oc-18">
         <name>.intvecs</name>
         <load_address>0x0</load_address>
         <readonly>true</readonly>
         <run_address>0x0</run_address>
         <size>0xc0</size>
         <alignment>0x4</alignment>
         <input_file_ref idref="fl-2"/>
      </object_component>
      <object_component id="oc-114">
         <name>.text.round4</name>
         <load_address>0xc0</load_address>
         <readonly>true</readonly>
         <executable>true</executable>
         <run_address>0xc0</run_address>
         <size>0x30c</size>
         <alignment>0x4</alignment>
         <input_file_ref idref="fl-7"/>
      </object_component>
      <object_component id="oc-a8">
         <name>.text.rounder</name>
         <load_address>0x3cc</load_address>
         <readonly>true</readonly>
         <executable>true</executable>
         <run_address>0x3cc</run_address>
         <size>0x2a4</size>
         <alignment>0x4</alignment>
         <input_file_ref idref="fl-7"/>
      </object_component>
      <object_component id="oc-a3">
         <name>.text.findline</name>
         <load_address>0x670</load_address>
         <readonly>true</readonly>
         <executable>true</executable>
         <run_address>0x670</run_address>
         <size>0x208</size>
         <alignment>0x4</alignment>
         <input_file_ref idref="fl-6"/>
      </object_component>
      <object_component id="oc-ce">
         <name>.text.SYSCFG_DL_GPIO_init</name>
         <load_address>0x878</load_address>
         <readonly>true</readonly>
         <executable>true</executable>
         <run_address>0x878</run_address>
         <size>0x194</size>
         <alignment>0x4</alignment>
         <input_file_ref idref="fl-1"/>
      </object_component>
      <object_component id="oc-185">
         <name>.text.adddf3_subdf3</name>
         <load_address>0xa0c</load_address>
         <readonly>true</readonly>
         <executable>true</executable>
         <run_address>0xa0c</run_address>
         <size>0x192</size>
         <alignment>0x4</alignment>
         <input_file_ref idref="fl-9a"/>
      </object_component>
      <object_component id="oc-d5">
         <name>.text.SYSCFG_DL_DMA_init</name>
         <load_address>0xb9e</load_address>
         <readonly>true</readonly>
         <executable>true</executable>
         <run_address>0xb9e</run_address>
         <size>0x2</size>
         <alignment>0x2</alignment>
         <input_file_ref idref="fl-1"/>
      </object_component>
      <object_component id="oc-100">
         <name>.text.beep</name>
         <load_address>0xba0</load_address>
         <readonly>true</readonly>
         <executable>true</executable>
         <run_address>0xba0</run_address>
         <size>0x150</size>
         <alignment>0x4</alignment>
         <input_file_ref idref="fl-6"/>
      </object_component>
      <object_component id="oc-180">
         <name>.text.pid_cal</name>
         <load_address>0xcf0</load_address>
         <readonly>true</readonly>
         <executable>true</executable>
         <run_address>0xcf0</run_address>
         <size>0x11c</size>
         <alignment>0x2</alignment>
         <input_file_ref idref="fl-a"/>
      </object_component>
      <object_component id="oc-ec">
         <name>.text.OLED_ShowChar</name>
         <load_address>0xe0c</load_address>
         <readonly>true</readonly>
         <executable>true</executable>
         <run_address>0xe0c</run_address>
         <size>0x118</size>
         <alignment>0x4</alignment>
         <input_file_ref idref="fl-4"/>
      </object_component>
      <object_component id="oc-10a">
         <name>.text.finderleft</name>
         <load_address>0xf24</load_address>
         <readonly>true</readonly>
         <executable>true</executable>
         <run_address>0xf24</run_address>
         <size>0x114</size>
         <alignment>0x4</alignment>
         <input_file_ref idref="fl-6"/>
      </object_component>
      <object_component id="oc-10e">
         <name>.text.finderright</name>
         <load_address>0x1038</load_address>
         <readonly>true</readonly>
         <executable>true</executable>
         <run_address>0x1038</run_address>
         <size>0x114</size>
         <alignment>0x4</alignment>
         <input_file_ref idref="fl-6"/>
      </object_component>
      <object_component id="oc-6d">
         <name>.text.main</name>
         <load_address>0x114c</load_address>
         <readonly>true</readonly>
         <executable>true</executable>
         <run_address>0x114c</run_address>
         <size>0x114</size>
         <alignment>0x4</alignment>
         <input_file_ref idref="fl-3"/>
      </object_component>
      <object_component id="oc-f9">
         <name>.text.motorf_run</name>
         <load_address>0x1260</load_address>
         <readonly>true</readonly>
         <executable>true</executable>
         <run_address>0x1260</run_address>
         <size>0x114</size>
         <alignment>0x4</alignment>
         <input_file_ref idref="fl-9"/>
      </object_component>
      <object_component id="oc-f4">
         <name>.text.motorb_run</name>
         <load_address>0x1374</load_address>
         <readonly>true</readonly>
         <executable>true</executable>
         <run_address>0x1374</run_address>
         <size>0x10c</size>
         <alignment>0x4</alignment>
         <input_file_ref idref="fl-9"/>
      </object_component>
      <object_component id="oc-87">
         <name>.text.OLED_Init</name>
         <load_address>0x1480</load_address>
         <readonly>true</readonly>
         <executable>true</executable>
         <run_address>0x1480</run_address>
         <size>0xfa</size>
         <alignment>0x2</alignment>
         <input_file_ref idref="fl-4"/>
      </object_component>
      <object_component id="oc-9c">
         <name>.text.OLED_ShowNum</name>
         <load_address>0x157a</load_address>
         <readonly>true</readonly>
         <executable>true</executable>
         <run_address>0x157a</run_address>
         <size>0xf6</size>
         <alignment>0x2</alignment>
         <input_file_ref idref="fl-4"/>
      </object_component>
      <object_component id="oc-1ac">
         <name>.text</name>
         <load_address>0x1670</load_address>
         <readonly>true</readonly>
         <executable>true</executable>
         <run_address>0x1670</run_address>
         <size>0xd8</size>
         <alignment>0x4</alignment>
         <input_file_ref idref="fl-99"/>
      </object_component>
      <object_component id="oc-13b">
         <name>.text.DL_Timer_initPWMMode</name>
         <load_address>0x1748</load_address>
         <readonly>true</readonly>
         <executable>true</executable>
         <run_address>0x1748</run_address>
         <size>0xc4</size>
         <alignment>0x4</alignment>
         <input_file_ref idref="fl-19"/>
      </object_component>
      <object_component id="oc-ef">
         <name>.text.readscare</name>
         <load_address>0x180c</load_address>
         <readonly>true</readonly>
         <executable>true</executable>
         <run_address>0x180c</run_address>
         <size>0xbc</size>
         <alignment>0x4</alignment>
         <input_file_ref idref="fl-8"/>
      </object_component>
      <object_component id="oc-9e">
         <name>.text.firstrun</name>
         <load_address>0x18c8</load_address>
         <readonly>true</readonly>
         <executable>true</executable>
         <run_address>0x18c8</run_address>
         <size>0x9c</size>
         <alignment>0x4</alignment>
         <input_file_ref idref="fl-5"/>
      </object_component>
      <object_component id="oc-109">
         <name>.text.pid_control</name>
         <load_address>0x1964</load_address>
         <readonly>true</readonly>
         <executable>true</executable>
         <run_address>0x1964</run_address>
         <size>0x9c</size>
         <alignment>0x4</alignment>
         <input_file_ref idref="fl-a"/>
      </object_component>
      <object_component id="oc-171">
         <name>.text.Set_Enconder_Duty</name>
         <load_address>0x1a00</load_address>
         <readonly>true</readonly>
         <executable>true</executable>
         <run_address>0x1a00</run_address>
         <size>0x94</size>
         <alignment>0x4</alignment>
         <input_file_ref idref="fl-9"/>
      </object_component>
      <object_component id="oc-9d">
         <name>.text.key_scan</name>
         <load_address>0x1a94</load_address>
         <readonly>true</readonly>
         <executable>true</executable>
         <run_address>0x1a94</run_address>
         <size>0x94</size>
         <alignment>0x4</alignment>
         <input_file_ref idref="fl-3"/>
      </object_component>
      <object_component id="oc-cd">
         <name>.text.SYSCFG_DL_initPower</name>
         <load_address>0x1b28</load_address>
         <readonly>true</readonly>
         <executable>true</executable>
         <run_address>0x1b28</run_address>
         <size>0x8c</size>
         <alignment>0x4</alignment>
         <input_file_ref idref="fl-1"/>
      </object_component>
      <object_component id="oc-1a8">
         <name>.text.__mulsf3</name>
         <load_address>0x1bb4</load_address>
         <readonly>true</readonly>
         <executable>true</executable>
         <run_address>0x1bb4</run_address>
         <size>0x8c</size>
         <alignment>0x4</alignment>
         <input_file_ref idref="fl-9b"/>
      </object_component>
      <object_component id="oc-a9">
         <name>.text.disiti</name>
         <load_address>0x1c40</load_address>
         <readonly>true</readonly>
         <executable>true</executable>
         <run_address>0x1c40</run_address>
         <size>0x88</size>
         <alignment>0x4</alignment>
         <input_file_ref idref="fl-7"/>
      </object_component>
      <object_component id="oc-d1">
         <name>.text.SYSCFG_DL_PWM_enconder_init</name>
         <load_address>0x1cc8</load_address>
         <readonly>true</readonly>
         <executable>true</executable>
         <run_address>0x1cc8</run_address>
         <size>0x84</size>
         <alignment>0x4</alignment>
         <input_file_ref idref="fl-1"/>
      </object_component>
      <object_component id="oc-d2">
         <name>.text.SYSCFG_DL_PWM_frontencoder_init</name>
         <load_address>0x1d4c</load_address>
         <readonly>true</readonly>
         <executable>true</executable>
         <run_address>0x1d4c</run_address>
         <size>0x84</size>
         <alignment>0x4</alignment>
         <input_file_ref idref="fl-1"/>
      </object_component>
      <object_component id="oc-152">
         <name>.text.__NVIC_SetPriority</name>
         <load_address>0x1dd0</load_address>
         <readonly>true</readonly>
         <executable>true</executable>
         <run_address>0x1dd0</run_address>
         <size>0x84</size>
         <alignment>0x4</alignment>
         <input_file_ref idref="fl-1"/>
      </object_component>
      <object_component id="oc-143">
         <name>.text.DL_TimerA_initPWMMode</name>
         <load_address>0x1e54</load_address>
         <readonly>true</readonly>
         <executable>true</executable>
         <run_address>0x1e54</run_address>
         <size>0x80</size>
         <alignment>0x4</alignment>
         <input_file_ref idref="fl-19"/>
      </object_component>
      <object_component id="oc-159">
         <name>.text.Send_Byte</name>
         <load_address>0x1ed4</load_address>
         <readonly>true</readonly>
         <executable>true</executable>
         <run_address>0x1ed4</run_address>
         <size>0x80</size>
         <alignment>0x4</alignment>
         <input_file_ref idref="fl-4"/>
      </object_component>
      <object_component id="oc-1c">
         <name>.text:decompress:lzss</name>
         <load_address>0x1f54</load_address>
         <readonly>true</readonly>
         <executable>true</executable>
         <run_address>0x1f54</run_address>
         <size>0x78</size>
         <alignment>0x4</alignment>
         <input_file_ref idref="fl-30"/>
      </object_component>
      <object_component id="oc-33">
         <name>.text.Default_Handler</name>
         <load_address>0x1fcc</load_address>
         <readonly>true</readonly>
         <executable>true</executable>
         <run_address>0x1fcc</run_address>
         <size>0x4</size>
         <alignment>0x2</alignment>
         <input_file_ref idref="fl-2"/>
      </object_component>
      <object_component id="oc-189">
         <name>.text.__truncdfsf2</name>
         <load_address>0x1fd0</load_address>
         <readonly>true</readonly>
         <executable>true</executable>
         <run_address>0x1fd0</run_address>
         <size>0x74</size>
         <alignment>0x10</alignment>
         <input_file_ref idref="fl-a0"/>
      </object_component>
      <object_component id="oc-8c">
         <name>.text.OLED_Clear</name>
         <load_address>0x2044</load_address>
         <readonly>true</readonly>
         <executable>true</executable>
         <run_address>0x2044</run_address>
         <size>0x6a</size>
         <alignment>0x2</alignment>
         <input_file_ref idref="fl-4"/>
      </object_component>
      <object_component id="oc-15f">
         <name>.text.__aeabi_idiv0</name>
         <load_address>0x20ae</load_address>
         <readonly>true</readonly>
         <executable>true</executable>
         <run_address>0x20ae</run_address>
         <size>0x2</size>
         <alignment>0x2</alignment>
         <input_file_ref idref="fl-a8"/>
      </object_component>
      <object_component id="oc-16b">
         <name>.text.__aeabi_fcmp</name>
         <load_address>0x20b0</load_address>
         <readonly>true</readonly>
         <executable>true</executable>
         <run_address>0x20b0</run_address>
         <size>0x62</size>
         <alignment>0x4</alignment>
         <input_file_ref idref="fl-a1"/>
      </object_component>
      <object_component id="oc-d0">
         <name>.text.SYSCFG_DL_PWM_sensor_init</name>
         <load_address>0x2114</load_address>
         <readonly>true</readonly>
         <executable>true</executable>
         <run_address>0x2114</run_address>
         <size>0x5c</size>
         <alignment>0x4</alignment>
         <input_file_ref idref="fl-1"/>
      </object_component>
      <object_component id="oc-d3">
         <name>.text.SYSCFG_DL_UART_0_init</name>
         <load_address>0x2170</load_address>
         <readonly>true</readonly>
         <executable>true</executable>
         <run_address>0x2170</run_address>
         <size>0x54</size>
         <alignment>0x4</alignment>
         <input_file_ref idref="fl-1"/>
      </object_component>
      <object_component id="oc-d4">
         <name>.text.SYSCFG_DL_UART_1_init</name>
         <load_address>0x21c4</load_address>
         <readonly>true</readonly>
         <executable>true</executable>
         <run_address>0x21c4</run_address>
         <size>0x50</size>
         <alignment>0x4</alignment>
         <input_file_ref idref="fl-1"/>
      </object_component>
      <object_component id="oc-34">
         <name>.text.UART0_IRQHandler</name>
         <load_address>0x2214</load_address>
         <readonly>true</readonly>
         <executable>true</executable>
         <run_address>0x2214</run_address>
         <size>0x50</size>
         <alignment>0x4</alignment>
         <input_file_ref idref="fl-3"/>
      </object_component>
      <object_component id="oc-db">
         <name>.text.OLED_WR_Byte</name>
         <load_address>0x2264</load_address>
         <readonly>true</readonly>
         <executable>true</executable>
         <run_address>0x2264</run_address>
         <size>0x4e</size>
         <alignment>0x2</alignment>
         <input_file_ref idref="fl-4"/>
      </object_component>
      <object_component id="oc-150">
         <name>.text.DL_UART_setBaudRateDivisor</name>
         <load_address>0x22b4</load_address>
         <readonly>true</readonly>
         <executable>true</executable>
         <run_address>0x22b4</run_address>
         <size>0x4c</size>
         <alignment>0x4</alignment>
         <input_file_ref idref="fl-1"/>
      </object_component>
      <object_component id="oc-14e">
         <name>.text.DL_UART_init</name>
         <load_address>0x2300</load_address>
         <readonly>true</readonly>
         <executable>true</executable>
         <run_address>0x2300</run_address>
         <size>0x48</size>
         <alignment>0x4</alignment>
         <input_file_ref idref="fl-1a"/>
      </object_component>
      <object_component id="oc-158">
         <name>.text.I2C_Start</name>
         <load_address>0x2348</load_address>
         <readonly>true</readonly>
         <executable>true</executable>
         <run_address>0x2348</run_address>
         <size>0x40</size>
         <alignment>0x4</alignment>
         <input_file_ref idref="fl-4"/>
      </object_component>
      <object_component id="oc-82">
         <name>.text.SYSCFG_DL_init</name>
         <load_address>0x2388</load_address>
         <readonly>true</readonly>
         <executable>true</executable>
         <run_address>0x2388</run_address>
         <size>0x40</size>
         <alignment>0x4</alignment>
         <input_file_ref idref="fl-1"/>
      </object_component>
      <object_component id="oc-e8">
         <name>.text.__aeabi_uidivmod</name>
         <load_address>0x23c8</load_address>
         <readonly>true</readonly>
         <executable>true</executable>
         <run_address>0x23c8</run_address>
         <size>0x40</size>
         <alignment>0x4</alignment>
         <input_file_ref idref="fl-a4"/>
      </object_component>
      <object_component id="oc-181">
         <name>.text.__extendsfdf2</name>
         <load_address>0x2408</load_address>
         <readonly>true</readonly>
         <executable>true</executable>
         <run_address>0x2408</run_address>
         <size>0x40</size>
         <alignment>0x4</alignment>
         <input_file_ref idref="fl-9c"/>
      </object_component>
      <object_component id="oc-165">
         <name>.text.OLED_Set_Pos</name>
         <load_address>0x2448</load_address>
         <readonly>true</readonly>
         <executable>true</executable>
         <run_address>0x2448</run_address>
         <size>0x3c</size>
         <alignment>0x2</alignment>
         <input_file_ref idref="fl-4"/>
      </object_component>
      <object_component id="oc-178">
         <name>.text.__floatsisf</name>
         <load_address>0x2484</load_address>
         <readonly>true</readonly>
         <executable>true</executable>
         <run_address>0x2484</run_address>
         <size>0x3c</size>
         <alignment>0x4</alignment>
         <input_file_ref idref="fl-9e"/>
      </object_component>
      <object_component id="oc-1a6">
         <name>.text.__gtsf2</name>
         <load_address>0x24c0</load_address>
         <readonly>true</readonly>
         <executable>true</executable>
         <run_address>0x24c0</run_address>
         <size>0x3c</size>
         <alignment>0x4</alignment>
         <input_file_ref idref="fl-a5"/>
      </object_component>
      <object_component id="oc-b4">
         <name>.text:__TI_auto_init_nobinit_nopinit</name>
         <load_address>0x24fc</load_address>
         <readonly>true</readonly>
         <executable>true</executable>
         <run_address>0x24fc</run_address>
         <size>0x3c</size>
         <alignment>0x4</alignment>
         <input_file_ref idref="fl-2b"/>
      </object_component>
      <object_component id="oc-1a1">
         <name>.text.__eqsf2</name>
         <load_address>0x2538</load_address>
         <readonly>true</readonly>
         <executable>true</executable>
         <run_address>0x2538</run_address>
         <size>0x3a</size>
         <alignment>0x4</alignment>
         <input_file_ref idref="fl-a5"/>
      </object_component>
      <object_component id="oc-1ba">
         <name>.text.__muldsi3</name>
         <load_address>0x2574</load_address>
         <readonly>true</readonly>
         <executable>true</executable>
         <run_address>0x2574</run_address>
         <size>0x3a</size>
         <alignment>0x4</alignment>
         <input_file_ref idref="fl-a6"/>
      </object_component>
      <object_component id="oc-1c0">
         <name>.text.__fixsfsi</name>
         <load_address>0x25b0</load_address>
         <readonly>true</readonly>
         <executable>true</executable>
         <run_address>0x25b0</run_address>
         <size>0x38</size>
         <alignment>0x4</alignment>
         <input_file_ref idref="fl-a7"/>
      </object_component>
      <object_component id="oc-12e">
         <name>.text.DL_GPIO_initDigitalInputFeatures</name>
         <load_address>0x25e8</load_address>
         <readonly>true</readonly>
         <executable>true</executable>
         <run_address>0x25e8</run_address>
         <size>0x34</size>
         <alignment>0x4</alignment>
         <input_file_ref idref="fl-1"/>
      </object_component>
      <object_component id="oc-15b">
         <name>.text.I2C_Stop</name>
         <load_address>0x261c</load_address>
         <readonly>true</readonly>
         <executable>true</executable>
         <run_address>0x261c</run_address>
         <size>0x34</size>
         <alignment>0x4</alignment>
         <input_file_ref idref="fl-4"/>
      </object_component>
      <object_component id="oc-15a">
         <name>.text.I2C_WaitAck</name>
         <load_address>0x2650</load_address>
         <readonly>true</readonly>
         <executable>true</executable>
         <run_address>0x2650</run_address>
         <size>0x34</size>
         <alignment>0x4</alignment>
         <input_file_ref idref="fl-4"/>
      </object_component>
      <object_component id="oc-115">
         <name>.text.initflags</name>
         <load_address>0x2684</load_address>
         <readonly>true</readonly>
         <executable>true</executable>
         <run_address>0x2684</run_address>
         <size>0x34</size>
         <alignment>0x4</alignment>
         <input_file_ref idref="fl-7"/>
      </object_component>
      <object_component id="oc-1b0">
         <name>.text.__fixunssfsi</name>
         <load_address>0x26b8</load_address>
         <readonly>true</readonly>
         <executable>true</executable>
         <run_address>0x26b8</run_address>
         <size>0x32</size>
         <alignment>0x4</alignment>
         <input_file_ref idref="fl-9d"/>
      </object_component>
      <object_component id="oc-e7">
         <name>.text.oled_pow</name>
         <load_address>0x26ea</load_address>
         <readonly>true</readonly>
         <executable>true</executable>
         <run_address>0x26ea</run_address>
         <size>0x30</size>
         <alignment>0x2</alignment>
         <input_file_ref idref="fl-4"/>
      </object_component>
      <object_component id="oc-8e">
         <name>.text.__NVIC_ClearPendingIRQ</name>
         <load_address>0x271c</load_address>
         <readonly>true</readonly>
         <executable>true</executable>
         <run_address>0x271c</run_address>
         <size>0x2c</size>
         <alignment>0x4</alignment>
         <input_file_ref idref="fl-3"/>
      </object_component>
      <object_component id="oc-8f">
         <name>.text.__NVIC_EnableIRQ</name>
         <load_address>0x2748</load_address>
         <readonly>true</readonly>
         <executable>true</executable>
         <run_address>0x2748</run_address>
         <size>0x2c</size>
         <alignment>0x4</alignment>
         <input_file_ref idref="fl-3"/>
      </object_component>
      <object_component id="oc-91">
         <name>.text.pid_init</name>
         <load_address>0x2774</load_address>
         <readonly>true</readonly>
         <executable>true</executable>
         <run_address>0x2774</run_address>
         <size>0x2a</size>
         <alignment>0x2</alignment>
         <input_file_ref idref="fl-a"/>
      </object_component>
      <object_component id="oc-197">
         <name>.text.DL_Common_updateReg</name>
         <load_address>0x279e</load_address>
         <readonly>true</readonly>
         <executable>true</executable>
         <run_address>0x279e</run_address>
         <size>0x28</size>
         <alignment>0x2</alignment>
         <input_file_ref idref="fl-1"/>
      </object_component>
      <object_component id="oc-17c">
         <name>.text.__floatunsisf</name>
         <load_address>0x27c8</load_address>
         <readonly>true</readonly>
         <executable>true</executable>
         <run_address>0x27c8</run_address>
         <size>0x28</size>
         <alignment>0x4</alignment>
         <input_file_ref idref="fl-9f"/>
      </object_component>
      <object_component id="oc-54">
         <name>.text:_c_int00_noargs</name>
         <load_address>0x27f0</load_address>
         <readonly>true</readonly>
         <executable>true</executable>
         <run_address>0x27f0</run_address>
         <size>0x28</size>
         <alignment>0x4</alignment>
         <input_file_ref idref="fl-29"/>
      </object_component>
      <object_component id="oc-da">
         <name>.text.delay1_ms</name>
         <load_address>0x2818</load_address>
         <readonly>true</readonly>
         <executable>true</executable>
         <run_address>0x2818</run_address>
         <size>0x22</size>
         <alignment>0x2</alignment>
         <input_file_ref idref="fl-4"/>
      </object_component>
      <object_component id="oc-103">
         <name>.text.delay3_ms</name>
         <load_address>0x283a</load_address>
         <readonly>true</readonly>
         <executable>true</executable>
         <run_address>0x283a</run_address>
         <size>0x22</size>
         <alignment>0x2</alignment>
         <input_file_ref idref="fl-6"/>
      </object_component>
      <object_component id="oc-10d">
         <name>.text.delay4_ms</name>
         <load_address>0x285c</load_address>
         <readonly>true</readonly>
         <executable>true</executable>
         <run_address>0x285c</run_address>
         <size>0x22</size>
         <alignment>0x2</alignment>
         <input_file_ref idref="fl-7"/>
      </object_component>
      <object_component id="oc-fc">
         <name>.text.delay6_ms</name>
         <load_address>0x287e</load_address>
         <readonly>true</readonly>
         <executable>true</executable>
         <run_address>0x287e</run_address>
         <size>0x22</size>
         <alignment>0x2</alignment>
         <input_file_ref idref="fl-5"/>
      </object_component>
      <object_component id="oc-96">
         <name>.text.delay_ms</name>
         <load_address>0x28a0</load_address>
         <readonly>true</readonly>
         <executable>true</executable>
         <run_address>0x28a0</run_address>
         <size>0x22</size>
         <alignment>0x2</alignment>
         <input_file_ref idref="fl-3"/>
      </object_component>
      <object_component id="oc-12c">
         <name>.text.DL_GPIO_initPeripheralInputFunction</name>
         <load_address>0x28c4</load_address>
         <readonly>true</readonly>
         <executable>true</executable>
         <run_address>0x28c4</run_address>
         <size>0x20</size>
         <alignment>0x4</alignment>
         <input_file_ref idref="fl-1"/>
      </object_component>
      <object_component id="oc-14f">
         <name>.text.DL_UART_setOversampling</name>
         <load_address>0x28e4</load_address>
         <readonly>true</readonly>
         <executable>true</executable>
         <run_address>0x28e4</run_address>
         <size>0x1e</size>
         <alignment>0x2</alignment>
         <input_file_ref idref="fl-1"/>
      </object_component>
      <object_component id="oc-cf">
         <name>.text.SYSCFG_DL_SYSCTL_init</name>
         <load_address>0x2902</load_address>
         <readonly>true</readonly>
         <executable>true</executable>
         <run_address>0x2902</run_address>
         <size>0x1e</size>
         <alignment>0x2</alignment>
         <input_file_ref idref="fl-1"/>
      </object_component>
      <object_component id="oc-12a">
         <name>.text.DL_GPIO_initPeripheralOutputFunction</name>
         <load_address>0x2920</load_address>
         <readonly>true</readonly>
         <executable>true</executable>
         <run_address>0x2920</run_address>
         <size>0x1c</size>
         <alignment>0x4</alignment>
         <input_file_ref idref="fl-1"/>
      </object_component>
      <object_component id="oc-132">
         <name>.text.DL_SYSCTL_setSYSOSCFreq</name>
         <load_address>0x293c</load_address>
         <readonly>true</readonly>
         <executable>true</executable>
         <run_address>0x293c</run_address>
         <size>0x1c</size>
         <alignment>0x4</alignment>
         <input_file_ref idref="fl-1"/>
      </object_component>
      <object_component id="oc-13d">
         <name>.text.DL_Timer_setCaptCompUpdateMethod</name>
         <load_address>0x2958</load_address>
         <readonly>true</readonly>
         <executable>true</executable>
         <run_address>0x2958</run_address>
         <size>0x1c</size>
         <alignment>0x4</alignment>
         <input_file_ref idref="fl-19"/>
      </object_component>
      <object_component id="oc-135">
         <name>.text.DL_Timer_setClockConfig</name>
         <load_address>0x2974</load_address>
         <readonly>true</readonly>
         <executable>true</executable>
         <run_address>0x2974</run_address>
         <size>0x1c</size>
         <alignment>0x4</alignment>
         <input_file_ref idref="fl-19"/>
      </object_component>
      <object_component id="oc-151">
         <name>.text.DL_UART_enableInterrupt</name>
         <load_address>0x2990</load_address>
         <readonly>true</readonly>
         <executable>true</executable>
         <run_address>0x2990</run_address>
         <size>0x1c</size>
         <alignment>0x4</alignment>
         <input_file_ref idref="fl-1"/>
      </object_component>
      <object_component id="oc-12b">
         <name>.text.DL_GPIO_enableOutput</name>
         <load_address>0x29ac</load_address>
         <readonly>true</readonly>
         <executable>true</executable>
         <run_address>0x29ac</run_address>
         <size>0x18</size>
         <alignment>0x4</alignment>
         <input_file_ref idref="fl-1"/>
      </object_component>
      <object_component id="oc-127">
         <name>.text.DL_GPIO_enablePower</name>
         <load_address>0x29c4</load_address>
         <readonly>true</readonly>
         <executable>true</executable>
         <run_address>0x29c4</run_address>
         <size>0x18</size>
         <alignment>0x4</alignment>
         <input_file_ref idref="fl-1"/>
      </object_component>
      <object_component id="oc-12d">
         <name>.text.DL_GPIO_initDigitalOutput</name>
         <load_address>0x29dc</load_address>
         <readonly>true</readonly>
         <executable>true</executable>
         <run_address>0x29dc</run_address>
         <size>0x18</size>
         <alignment>0x4</alignment>
         <input_file_ref idref="fl-1"/>
      </object_component>
      <object_component id="oc-124">
         <name>.text.DL_GPIO_reset</name>
         <load_address>0x29f4</load_address>
         <readonly>true</readonly>
         <executable>true</executable>
         <run_address>0x29f4</run_address>
         <size>0x18</size>
         <alignment>0x4</alignment>
         <input_file_ref idref="fl-1"/>
      </object_component>
      <object_component id="oc-fb">
         <name>.text.DL_GPIO_setPins</name>
         <load_address>0x2a0c</load_address>
         <readonly>true</readonly>
         <executable>true</executable>
         <run_address>0x2a0c</run_address>
         <size>0x18</size>
         <alignment>0x4</alignment>
         <input_file_ref idref="fl-5"/>
      </object_component>
      <object_component id="oc-8d">
         <name>.text.DL_GPIO_setPins</name>
         <load_address>0x2a24</load_address>
         <readonly>true</readonly>
         <executable>true</executable>
         <run_address>0x2a24</run_address>
         <size>0x18</size>
         <alignment>0x4</alignment>
         <input_file_ref idref="fl-3"/>
      </object_component>
      <object_component id="oc-16f">
         <name>.text.DL_GPIO_setPins</name>
         <load_address>0x2a3c</load_address>
         <readonly>true</readonly>
         <executable>true</executable>
         <run_address>0x2a3c</run_address>
         <size>0x18</size>
         <alignment>0x4</alignment>
         <input_file_ref idref="fl-9"/>
      </object_component>
      <object_component id="oc-19c">
         <name>.text.DL_GPIO_setPins</name>
         <load_address>0x2a54</load_address>
         <readonly>true</readonly>
         <executable>true</executable>
         <run_address>0x2a54</run_address>
         <size>0x18</size>
         <alignment>0x4</alignment>
         <input_file_ref idref="fl-4"/>
      </object_component>
      <object_component id="oc-102">
         <name>.text.DL_GPIO_setPins</name>
         <load_address>0x2a6c</load_address>
         <readonly>true</readonly>
         <executable>true</executable>
         <run_address>0x2a6c</run_address>
         <size>0x18</size>
         <alignment>0x4</alignment>
         <input_file_ref idref="fl-6"/>
      </object_component>
      <object_component id="oc-10c">
         <name>.text.DL_GPIO_setPins</name>
         <load_address>0x2a84</load_address>
         <readonly>true</readonly>
         <executable>true</executable>
         <run_address>0x2a84</run_address>
         <size>0x18</size>
         <alignment>0x4</alignment>
         <input_file_ref idref="fl-7"/>
      </object_component>
      <object_component id="oc-130">
         <name>.text.DL_GPIO_setPins</name>
         <load_address>0x2a9c</load_address>
         <readonly>true</readonly>
         <executable>true</executable>
         <run_address>0x2a9c</run_address>
         <size>0x18</size>
         <alignment>0x4</alignment>
         <input_file_ref idref="fl-1"/>
      </object_component>
      <object_component id="oc-131">
         <name>.text.DL_SYSCTL_setBORThreshold</name>
         <load_address>0x2ab4</load_address>
         <readonly>true</readonly>
         <executable>true</executable>
         <run_address>0x2ab4</run_address>
         <size>0x18</size>
         <alignment>0x4</alignment>
         <input_file_ref idref="fl-1"/>
      </object_component>
      <object_component id="oc-128">
         <name>.text.DL_Timer_enablePower</name>
         <load_address>0x2acc</load_address>
         <readonly>true</readonly>
         <executable>true</executable>
         <run_address>0x2acc</run_address>
         <size>0x18</size>
         <alignment>0x4</alignment>
         <input_file_ref idref="fl-1"/>
      </object_component>
      <object_component id="oc-125">
         <name>.text.DL_Timer_reset</name>
         <load_address>0x2ae4</load_address>
         <readonly>true</readonly>
         <executable>true</executable>
         <run_address>0x2ae4</run_address>
         <size>0x18</size>
         <alignment>0x4</alignment>
         <input_file_ref idref="fl-1"/>
      </object_component>
      <object_component id="oc-13c">
         <name>.text.DL_Timer_setCaptureCompareOutCtl</name>
         <load_address>0x2afc</load_address>
         <readonly>true</readonly>
         <executable>true</executable>
         <run_address>0x2afc</run_address>
         <size>0x18</size>
         <alignment>0x4</alignment>
         <input_file_ref idref="fl-19"/>
      </object_component>
      <object_component id="oc-90">
         <name>.text.DL_Timer_startCounter</name>
         <load_address>0x2b14</load_address>
         <readonly>true</readonly>
         <executable>true</executable>
         <run_address>0x2b14</run_address>
         <size>0x18</size>
         <alignment>0x4</alignment>
         <input_file_ref idref="fl-3"/>
      </object_component>
      <object_component id="oc-129">
         <name>.text.DL_UART_enablePower</name>
         <load_address>0x2b2c</load_address>
         <readonly>true</readonly>
         <executable>true</executable>
         <run_address>0x2b2c</run_address>
         <size>0x18</size>
         <alignment>0x4</alignment>
         <input_file_ref idref="fl-1"/>
      </object_component>
      <object_component id="oc-126">
         <name>.text.DL_UART_reset</name>
         <load_address>0x2b44</load_address>
         <readonly>true</readonly>
         <executable>true</executable>
         <run_address>0x2b44</run_address>
         <size>0x18</size>
         <alignment>0x4</alignment>
         <input_file_ref idref="fl-1"/>
      </object_component>
      <object_component id="oc-108">
         <name>.text.motor_target_set</name>
         <load_address>0x2b5c</load_address>
         <readonly>true</readonly>
         <executable>true</executable>
         <run_address>0x2b5c</run_address>
         <size>0x18</size>
         <alignment>0x4</alignment>
         <input_file_ref idref="fl-a"/>
      </object_component>
      <object_component id="oc-168">
         <name>.text.DL_GPIO_readPins</name>
         <load_address>0x2b74</load_address>
         <readonly>true</readonly>
         <executable>true</executable>
         <run_address>0x2b74</run_address>
         <size>0x16</size>
         <alignment>0x2</alignment>
         <input_file_ref idref="fl-8"/>
      </object_component>
      <object_component id="oc-ed">
         <name>.text.DL_GPIO_readPins</name>
         <load_address>0x2b8a</load_address>
         <readonly>true</readonly>
         <executable>true</executable>
         <run_address>0x2b8a</run_address>
         <size>0x16</size>
         <alignment>0x2</alignment>
         <input_file_ref idref="fl-3"/>
      </object_component>
      <object_component id="oc-153">
         <name>.text.DL_UART_enable</name>
         <load_address>0x2ba0</load_address>
         <readonly>true</readonly>
         <executable>true</executable>
         <run_address>0x2ba0</run_address>
         <size>0x16</size>
         <alignment>0x2</alignment>
         <input_file_ref idref="fl-1"/>
      </object_component>
      <object_component id="oc-4b">
         <name>.text:decompress:ZI:__TI_zero_init_nomemset</name>
         <load_address>0x2bb6</load_address>
         <readonly>true</readonly>
         <executable>true</executable>
         <run_address>0x2bb6</run_address>
         <size>0x16</size>
         <alignment>0x2</alignment>
         <input_file_ref idref="fl-2e"/>
      </object_component>
      <object_component id="oc-fa">
         <name>.text.DL_GPIO_clearPins</name>
         <load_address>0x2bcc</load_address>
         <readonly>true</readonly>
         <executable>true</executable>
         <run_address>0x2bcc</run_address>
         <size>0x14</size>
         <alignment>0x2</alignment>
         <input_file_ref idref="fl-5"/>
      </object_component>
      <object_component id="oc-170">
         <name>.text.DL_GPIO_clearPins</name>
         <load_address>0x2be0</load_address>
         <readonly>true</readonly>
         <executable>true</executable>
         <run_address>0x2be0</run_address>
         <size>0x14</size>
         <alignment>0x2</alignment>
         <input_file_ref idref="fl-9"/>
      </object_component>
      <object_component id="oc-19d">
         <name>.text.DL_GPIO_clearPins</name>
         <load_address>0x2bf4</load_address>
         <readonly>true</readonly>
         <executable>true</executable>
         <run_address>0x2bf4</run_address>
         <size>0x14</size>
         <alignment>0x2</alignment>
         <input_file_ref idref="fl-4"/>
      </object_component>
      <object_component id="oc-101">
         <name>.text.DL_GPIO_clearPins</name>
         <load_address>0x2c08</load_address>
         <readonly>true</readonly>
         <executable>true</executable>
         <run_address>0x2c08</run_address>
         <size>0x14</size>
         <alignment>0x2</alignment>
         <input_file_ref idref="fl-6"/>
      </object_component>
      <object_component id="oc-10b">
         <name>.text.DL_GPIO_clearPins</name>
         <load_address>0x2c1c</load_address>
         <readonly>true</readonly>
         <executable>true</executable>
         <run_address>0x2c1c</run_address>
         <size>0x14</size>
         <alignment>0x2</alignment>
         <input_file_ref idref="fl-7"/>
      </object_component>
      <object_component id="oc-12f">
         <name>.text.DL_GPIO_clearPins</name>
         <load_address>0x2c30</load_address>
         <readonly>true</readonly>
         <executable>true</executable>
         <run_address>0x2c30</run_address>
         <size>0x14</size>
         <alignment>0x2</alignment>
         <input_file_ref idref="fl-1"/>
      </object_component>
      <object_component id="oc-134">
         <name>.text.DL_SYSCTL_disableSYSPLL</name>
         <load_address>0x2c44</load_address>
         <readonly>true</readonly>
         <executable>true</executable>
         <run_address>0x2c44</run_address>
         <size>0x14</size>
         <alignment>0x4</alignment>
         <input_file_ref idref="fl-1"/>
      </object_component>
      <object_component id="oc-13f">
         <name>.text.DL_Timer_enableClock</name>
         <load_address>0x2c58</load_address>
         <readonly>true</readonly>
         <executable>true</executable>
         <run_address>0x2c58</run_address>
         <size>0x14</size>
         <alignment>0x4</alignment>
         <input_file_ref idref="fl-1"/>
      </object_component>
      <object_component id="oc-140">
         <name>.text.DL_Timer_setCCPDirection</name>
         <load_address>0x2c6c</load_address>
         <readonly>true</readonly>
         <executable>true</executable>
         <run_address>0x2c6c</run_address>
         <size>0x14</size>
         <alignment>0x2</alignment>
         <input_file_ref idref="fl-1"/>
      </object_component>
      <object_component id="oc-5b">
         <name>.text.DL_UART_receiveData</name>
         <load_address>0x2c80</load_address>
         <readonly>true</readonly>
         <executable>true</executable>
         <run_address>0x2c80</run_address>
         <size>0x14</size>
         <alignment>0x4</alignment>
         <input_file_ref idref="fl-3"/>
      </object_component>
      <object_component id="oc-97">
         <name>.text.getdata</name>
         <load_address>0x2c94</load_address>
         <readonly>true</readonly>
         <executable>true</executable>
         <run_address>0x2c94</run_address>
         <size>0x14</size>
         <alignment>0x4</alignment>
         <input_file_ref idref="fl-7"/>
      </object_component>
      <object_component id="oc-148">
         <name>.text.DL_UART_setClockConfig</name>
         <load_address>0x2ca8</load_address>
         <readonly>true</readonly>
         <executable>true</executable>
         <run_address>0x2ca8</run_address>
         <size>0x12</size>
         <alignment>0x2</alignment>
         <input_file_ref idref="fl-1a"/>
      </object_component>
      <object_component id="oc-78">
         <name>.text:TI_memcpy_small</name>
         <load_address>0x2cba</load_address>
         <readonly>true</readonly>
         <executable>true</executable>
         <run_address>0x2cba</run_address>
         <size>0x12</size>
         <alignment>0x1</alignment>
         <input_file_ref idref="fl-a9"/>
      </object_component>
      <object_component id="oc-20">
         <name>.text:decompress:none</name>
         <load_address>0x2ccc</load_address>
         <readonly>true</readonly>
         <executable>true</executable>
         <run_address>0x2ccc</run_address>
         <size>0x12</size>
         <alignment>0x2</alignment>
         <input_file_ref idref="fl-2f"/>
      </object_component>
      <object_component id="oc-133">
         <name>.text.DL_SYSCTL_disableHFXT</name>
         <load_address>0x2ce0</load_address>
         <readonly>true</readonly>
         <executable>true</executable>
         <run_address>0x2ce0</run_address>
         <size>0x10</size>
         <alignment>0x4</alignment>
         <input_file_ref idref="fl-1"/>
      </object_component>
      <object_component id="oc-13e">
         <name>.text.DL_Timer_setCaptureCompareValue</name>
         <load_address>0x2cf0</load_address>
         <readonly>true</readonly>
         <executable>true</executable>
         <run_address>0x2cf0</run_address>
         <size>0x10</size>
         <alignment>0x4</alignment>
         <input_file_ref idref="fl-19"/>
      </object_component>
      <object_component id="oc-e0">
         <name>.text.DL_Common_delayCycles</name>
         <load_address>0x2d00</load_address>
         <readonly>true</readonly>
         <executable>true</executable>
         <run_address>0x2d00</run_address>
         <size>0xa</size>
         <alignment>0x2</alignment>
         <input_file_ref idref="fl-18"/>
      </object_component>
      <object_component id="oc-44">
         <name>.text.__aeabi_memcpy</name>
         <load_address>0x2d0c</load_address>
         <readonly>true</readonly>
         <executable>true</executable>
         <run_address>0x2d0c</run_address>
         <size>0x8</size>
         <alignment>0x4</alignment>
         <input_file_ref idref="fl-a2"/>
      </object_component>
      <object_component id="oc-2f">
         <name>.text.Reset_Handler</name>
         <load_address>0x2d14</load_address>
         <readonly>true</readonly>
         <executable>true</executable>
         <run_address>0x2d14</run_address>
         <size>0x4</size>
         <alignment>0x2</alignment>
         <input_file_ref idref="fl-2"/>
      </object_component>
      <object_component id="oc-69">
         <name>.text._system_pre_init</name>
         <load_address>0x2d18</load_address>
         <readonly>true</readonly>
         <executable>true</executable>
         <run_address>0x2d18</run_address>
         <size>0x4</size>
         <alignment>0x2</alignment>
         <input_file_ref idref="fl-2c"/>
      </object_component>
      <object_component id="oc-ad">
         <name>.text:abort</name>
         <load_address>0x2d1c</load_address>
         <readonly>true</readonly>
         <executable>true</executable>
         <run_address>0x2d1c</run_address>
         <size>0x4</size>
         <alignment>0x2</alignment>
         <input_file_ref idref="fl-31"/>
      </object_component>
      <object_component id="oc-206">
         <name>__TI_handler_table</name>
         <load_address>0x3578</load_address>
         <readonly>true</readonly>
         <run_address>0x3578</run_address>
         <size>0xc</size>
         <alignment>0x4</alignment>
      </object_component>
      <object_component id="oc-209">
         <name>.cinit..bss.load</name>
         <load_address>0x3584</load_address>
         <readonly>true</readonly>
         <run_address>0x3584</run_address>
         <size>0x8</size>
         <alignment>0x4</alignment>
      </object_component>
      <object_component id="oc-208">
         <name>.cinit..data.load</name>
         <load_address>0x358c</load_address>
         <readonly>true</readonly>
         <run_address>0x358c</run_address>
         <size>0x8</size>
         <alignment>0x1</alignment>
      </object_component>
      <object_component id="oc-207">
         <name>__TI_cinit_table</name>
         <load_address>0x3594</load_address>
         <readonly>true</readonly>
         <run_address>0x3594</run_address>
         <size>0x10</size>
         <alignment>0x4</alignment>
      </object_component>
      <object_component id="oc-166">
         <name>.rodata.asc2_1608</name>
         <load_address>0x2d20</load_address>
         <readonly>true</readonly>
         <run_address>0x2d20</run_address>
         <size>0x5f0</size>
         <alignment>0x1</alignment>
         <input_file_ref idref="fl-4"/>
      </object_component>
      <object_component id="oc-167">
         <name>.rodata.asc2_0806</name>
         <load_address>0x3310</load_address>
         <readonly>true</readonly>
         <run_address>0x3310</run_address>
         <size>0x228</size>
         <alignment>0x1</alignment>
         <input_file_ref idref="fl-4"/>
      </object_component>
      <object_component id="oc-155">
         <name>.rodata.gUART_0Config</name>
         <load_address>0x3538</load_address>
         <readonly>true</readonly>
         <run_address>0x3538</run_address>
         <size>0xa</size>
         <alignment>0x2</alignment>
         <input_file_ref idref="fl-1"/>
      </object_component>
      <object_component id="oc-157">
         <name>.rodata.gUART_1Config</name>
         <load_address>0x3542</load_address>
         <readonly>true</readonly>
         <run_address>0x3542</run_address>
         <size>0xa</size>
         <alignment>0x2</alignment>
         <input_file_ref idref="fl-1"/>
      </object_component>
      <object_component id="oc-145">
         <name>.rodata.gPWM_enconderConfig</name>
         <load_address>0x354c</load_address>
         <readonly>true</readonly>
         <run_address>0x354c</run_address>
         <size>0x8</size>
         <alignment>0x4</alignment>
         <input_file_ref idref="fl-1"/>
      </object_component>
      <object_component id="oc-147">
         <name>.rodata.gPWM_frontencoderConfig</name>
         <load_address>0x3554</load_address>
         <readonly>true</readonly>
         <run_address>0x3554</run_address>
         <size>0x8</size>
         <alignment>0x4</alignment>
         <input_file_ref idref="fl-1"/>
      </object_component>
      <object_component id="oc-142">
         <name>.rodata.gPWM_sensorConfig</name>
         <load_address>0x355c</load_address>
         <readonly>true</readonly>
         <run_address>0x355c</run_address>
         <size>0x8</size>
         <alignment>0x4</alignment>
         <input_file_ref idref="fl-1"/>
      </object_component>
      <object_component id="oc-144">
         <name>.rodata.gPWM_enconderClockConfig</name>
         <load_address>0x3564</load_address>
         <readonly>true</readonly>
         <run_address>0x3564</run_address>
         <size>0x3</size>
         <alignment>0x1</alignment>
         <input_file_ref idref="fl-1"/>
      </object_component>
      <object_component id="oc-146">
         <name>.rodata.gPWM_frontencoderClockConfig</name>
         <load_address>0x3567</load_address>
         <readonly>true</readonly>
         <run_address>0x3567</run_address>
         <size>0x3</size>
         <alignment>0x1</alignment>
         <input_file_ref idref="fl-1"/>
      </object_component>
      <object_component id="oc-141">
         <name>.rodata.gPWM_sensorClockConfig</name>
         <load_address>0x356a</load_address>
         <readonly>true</readonly>
         <run_address>0x356a</run_address>
         <size>0x3</size>
         <alignment>0x1</alignment>
         <input_file_ref idref="fl-1"/>
      </object_component>
      <object_component id="oc-154">
         <name>.rodata.gUART_0ClockConfig</name>
         <load_address>0x356d</load_address>
         <readonly>true</readonly>
         <run_address>0x356d</run_address>
         <size>0x2</size>
         <alignment>0x1</alignment>
         <input_file_ref idref="fl-1"/>
      </object_component>
      <object_component id="oc-156">
         <name>.rodata.gUART_1ClockConfig</name>
         <load_address>0x356f</load_address>
         <readonly>true</readonly>
         <run_address>0x356f</run_address>
         <size>0x2</size>
         <alignment>0x1</alignment>
         <input_file_ref idref="fl-1"/>
      </object_component>
      <object_component id="oc-1d0">
         <name>.binit</name>
         <load_address>0x0</load_address>
         <readonly>true</readonly>
         <run_address>0x0</run_address>
         <size>0x0</size>
         <alignment>0x4</alignment>
      </object_component>
      <object_component id="oc-5c">
         <name>.data.i</name>
         <load_address>0x20200184</load_address>
         <readwrite>true</readwrite>
         <run_address>0x20200184</run_address>
         <size>0x4</size>
         <alignment>0x4</alignment>
         <input_file_ref idref="fl-3"/>
      </object_component>
      <object_component id="oc-ab">
         <name>.data.gEchoData</name>
         <load_address>0x20200180</load_address>
         <readwrite>true</readwrite>
         <run_address>0x20200180</run_address>
         <size>0x4</size>
         <alignment>0x4</alignment>
         <input_file_ref idref="fl-3"/>
      </object_component>
      <object_component id="oc-ac">
         <name>.data.modecount</name>
         <load_address>0x2020018b</load_address>
         <readwrite>true</readwrite>
         <run_address>0x2020018b</run_address>
         <size>0x1</size>
         <alignment>0x1</alignment>
         <input_file_ref idref="fl-3"/>
      </object_component>
      <object_component id="oc-ee">
         <name>.data.key</name>
         <load_address>0x2020018a</load_address>
         <readwrite>true</readwrite>
         <run_address>0x2020018a</run_address>
         <size>0x1</size>
         <alignment>0x1</alignment>
         <input_file_ref idref="fl-3"/>
      </object_component>
      <object_component id="oc-105">
         <name>.data.flag</name>
         <load_address>0x20200189</load_address>
         <readwrite>true</readwrite>
         <run_address>0x20200189</run_address>
         <size>0x1</size>
         <alignment>0x1</alignment>
         <input_file_ref idref="fl-6"/>
      </object_component>
      <object_component id="oc-104">
         <name>.data.count</name>
         <load_address>0x20200188</load_address>
         <readwrite>true</readwrite>
         <run_address>0x20200188</run_address>
         <size>0x1</size>
         <alignment>0x1</alignment>
         <input_file_ref idref="fl-6"/>
      </object_component>
      <object_component id="oc-d6">
         <name>.common:gPWM_enconderBackup</name>
         <uninitialized>true</uninitialized>
         <readwrite>true</readwrite>
         <run_address>0x20200000</run_address>
         <size>0xbc</size>
         <alignment>0x4</alignment>
      </object_component>
      <object_component id="oc-d7">
         <name>.common:gPWM_frontencoderBackup</name>
         <uninitialized>true</uninitialized>
         <readwrite>true</readwrite>
         <run_address>0x202000bc</run_address>
         <size>0x78</size>
         <alignment>0x4</alignment>
      </object_component>
      <object_component id="oc-5d">
         <name>.common:buffer</name>
         <uninitialized>true</uninitialized>
         <readwrite>true</readwrite>
         <run_address>0x2020016c</run_address>
         <size>0x4</size>
         <alignment>0x1</alignment>
      </object_component>
      <object_component id="oc-fd">
         <name>.common:beep1</name>
         <uninitialized>true</uninitialized>
         <readwrite>true</readwrite>
         <run_address>0x20200178</run_address>
         <size>0x1</size>
         <alignment>0x1</alignment>
      </object_component>
      <object_component id="oc-174">
         <name>.common:out1</name>
         <uninitialized>true</uninitialized>
         <readwrite>true</readwrite>
         <run_address>0x2020017d</run_address>
         <size>0x1</size>
         <alignment>0x1</alignment>
      </object_component>
      <object_component id="oc-175">
         <name>.common:online1</name>
         <uninitialized>true</uninitialized>
         <readwrite>true</readwrite>
         <run_address>0x2020017b</run_address>
         <size>0x1</size>
         <alignment>0x1</alignment>
      </object_component>
      <object_component id="oc-176">
         <name>.common:out2</name>
         <uninitialized>true</uninitialized>
         <readwrite>true</readwrite>
         <run_address>0x2020017e</run_address>
         <size>0x1</size>
         <alignment>0x1</alignment>
      </object_component>
      <object_component id="oc-177">
         <name>.common:online2</name>
         <uninitialized>true</uninitialized>
         <readwrite>true</readwrite>
         <run_address>0x2020017c</run_address>
         <size>0x1</size>
         <alignment>0x1</alignment>
      </object_component>
      <object_component id="oc-e4">
         <name>.common:EchoData</name>
         <uninitialized>true</uninitialized>
         <readwrite>true</readwrite>
         <run_address>0x20200168</run_address>
         <size>0x4</size>
         <alignment>0x4</alignment>
      </object_component>
      <object_component id="oc-10f">
         <name>.common:C</name>
         <uninitialized>true</uninitialized>
         <readwrite>true</readwrite>
         <run_address>0x20200176</run_address>
         <size>0x1</size>
         <alignment>0x1</alignment>
      </object_component>
      <object_component id="oc-110">
         <name>.common:countBC</name>
         <uninitialized>true</uninitialized>
         <readwrite>true</readwrite>
         <run_address>0x20200170</run_address>
         <size>0x4</size>
         <alignment>0x4</alignment>
      </object_component>
      <object_component id="oc-111">
         <name>.common:B</name>
         <uninitialized>true</uninitialized>
         <readwrite>true</readwrite>
         <run_address>0x20200175</run_address>
         <size>0x1</size>
         <alignment>0x1</alignment>
      </object_component>
      <object_component id="oc-112">
         <name>.common:A</name>
         <uninitialized>true</uninitialized>
         <readwrite>true</readwrite>
         <run_address>0x20200174</run_address>
         <size>0x1</size>
         <alignment>0x1</alignment>
      </object_component>
      <object_component id="oc-113">
         <name>.common:flagBD</name>
         <uninitialized>true</uninitialized>
         <readwrite>true</readwrite>
         <run_address>0x2020017a</run_address>
         <size>0x1</size>
         <alignment>0x1</alignment>
      </object_component>
      <object_component id="oc-18d">
         <name>.common:D</name>
         <uninitialized>true</uninitialized>
         <readwrite>true</readwrite>
         <run_address>0x20200177</run_address>
         <size>0x1</size>
         <alignment>0x1</alignment>
      </object_component>
      <object_component id="oc-116">
         <name>.common:count_round</name>
         <uninitialized>true</uninitialized>
         <readwrite>true</readwrite>
         <run_address>0x20200179</run_address>
         <size>0x1</size>
         <alignment>0x1</alignment>
      </object_component>
      <object_component id="oc-aa">
         <name>.common:motorA</name>
         <uninitialized>true</uninitialized>
         <readwrite>true</readwrite>
         <run_address>0x20200134</run_address>
         <size>0x34</size>
         <alignment>0x4</alignment>
      </object_component>
      <object_component id="oc-1a">
         <name>.stack</name>
         <uninitialized>true</uninitialized>
         <readwrite>true</readwrite>
         <run_address>0x20207e00</run_address>
         <size>0x4</size>
         <alignment>0x4</alignment>
         <input_file_ref idref="fl-29"/>
      </object_component>
      <object_component id="oc-20b">
         <name>.stack</name>
         <uninitialized>true</uninitialized>
         <readwrite>true</readwrite>
         <run_address>0x20207e00</run_address>
         <size>0x0</size>
         <alignment>0x8</alignment>
      </object_component>
      <object_component id="oc-d8">
         <name>.debug_abbrev</name>
         <load_address>0x0</load_address>
         <run_address>0x0</run_address>
         <size>0x228</size>
         <alignment>0x1</alignment>
         <input_file_ref idref="fl-1"/>
      </object_component>
      <object_component id="oc-39">
         <name>.debug_abbrev</name>
         <load_address>0x228</load_address>
         <run_address>0x228</run_address>
         <size>0x6d</size>
         <alignment>0x1</alignment>
         <input_file_ref idref="fl-2"/>
      </object_component>
      <object_component id="oc-5e">
         <name>.debug_abbrev</name>
         <load_address>0x295</load_address>
         <run_address>0x295</run_address>
         <size>0x189</size>
         <alignment>0x1</alignment>
         <input_file_ref idref="fl-3"/>
      </object_component>
      <object_component id="oc-dc">
         <name>.debug_abbrev</name>
         <load_address>0x41e</load_address>
         <run_address>0x41e</run_address>
         <size>0x16a</size>
         <alignment>0x1</alignment>
         <input_file_ref idref="fl-4"/>
      </object_component>
      <object_component id="oc-fe">
         <name>.debug_abbrev</name>
         <load_address>0x588</load_address>
         <run_address>0x588</run_address>
         <size>0x111</size>
         <alignment>0x1</alignment>
         <input_file_ref idref="fl-5"/>
      </object_component>
      <object_component id="oc-106">
         <name>.debug_abbrev</name>
         <load_address>0x699</load_address>
         <run_address>0x699</run_address>
         <size>0x111</size>
         <alignment>0x1</alignment>
         <input_file_ref idref="fl-6"/>
      </object_component>
      <object_component id="oc-e5">
         <name>.debug_abbrev</name>
         <load_address>0x7aa</load_address>
         <run_address>0x7aa</run_address>
         <size>0x143</size>
         <alignment>0x1</alignment>
         <input_file_ref idref="fl-7"/>
      </object_component>
      <object_component id="oc-169">
         <name>.debug_abbrev</name>
         <load_address>0x8ed</load_address>
         <run_address>0x8ed</run_address>
         <size>0xe6</size>
         <alignment>0x1</alignment>
         <input_file_ref idref="fl-8"/>
      </object_component>
      <object_component id="oc-172">
         <name>.debug_abbrev</name>
         <load_address>0x9d3</load_address>
         <run_address>0x9d3</run_address>
         <size>0x116</size>
         <alignment>0x1</alignment>
         <input_file_ref idref="fl-9"/>
      </object_component>
      <object_component id="oc-de">
         <name>.debug_abbrev</name>
         <load_address>0xae9</load_address>
         <run_address>0xae9</run_address>
         <size>0xc4</size>
         <alignment>0x1</alignment>
         <input_file_ref idref="fl-a"/>
      </object_component>
      <object_component id="oc-15c">
         <name>.debug_abbrev</name>
         <load_address>0xbad</load_address>
         <run_address>0xbad</run_address>
         <size>0x62</size>
         <alignment>0x1</alignment>
         <input_file_ref idref="fl-18"/>
      </object_component>
      <object_component id="oc-198">
         <name>.debug_abbrev</name>
         <load_address>0xc0f</load_address>
         <run_address>0xc0f</run_address>
         <size>0x258</size>
         <alignment>0x1</alignment>
         <input_file_ref idref="fl-19"/>
      </object_component>
      <object_component id="oc-19a">
         <name>.debug_abbrev</name>
         <load_address>0xe67</load_address>
         <run_address>0xe67</run_address>
         <size>0x27f</size>
         <alignment>0x1</alignment>
         <input_file_ref idref="fl-1a"/>
      </object_component>
      <object_component id="oc-3b">
         <name>.debug_abbrev</name>
         <load_address>0x10e6</load_address>
         <run_address>0x10e6</run_address>
         <size>0xaf</size>
         <alignment>0x1</alignment>
         <input_file_ref idref="fl-29"/>
      </object_component>
      <object_component id="oc-11d">
         <name>.debug_abbrev</name>
         <load_address>0x1195</load_address>
         <run_address>0x1195</run_address>
         <size>0x186</size>
         <alignment>0x1</alignment>
         <input_file_ref idref="fl-2b"/>
      </object_component>
      <object_component id="oc-80">
         <name>.debug_abbrev</name>
         <load_address>0x131b</load_address>
         <run_address>0x131b</run_address>
         <size>0x39</size>
         <alignment>0x1</alignment>
         <input_file_ref idref="fl-2c"/>
      </object_component>
      <object_component id="oc-62">
         <name>.debug_abbrev</name>
         <load_address>0x1354</load_address>
         <run_address>0x1354</run_address>
         <size>0xc2</size>
         <alignment>0x1</alignment>
         <input_file_ref idref="fl-2e"/>
      </object_component>
      <object_component id="oc-48">
         <name>.debug_abbrev</name>
         <load_address>0x1416</load_address>
         <run_address>0x1416</run_address>
         <size>0x70</size>
         <alignment>0x1</alignment>
         <input_file_ref idref="fl-2f"/>
      </object_component>
      <object_component id="oc-40">
         <name>.debug_abbrev</name>
         <load_address>0x1486</load_address>
         <run_address>0x1486</run_address>
         <size>0x8d</size>
         <alignment>0x1</alignment>
         <input_file_ref idref="fl-30"/>
      </object_component>
      <object_component id="oc-117">
         <name>.debug_abbrev</name>
         <load_address>0x1513</load_address>
         <run_address>0x1513</run_address>
         <size>0xb3</size>
         <alignment>0x1</alignment>
         <input_file_ref idref="fl-31"/>
      </object_component>
      <object_component id="oc-1bf">
         <name>.debug_abbrev</name>
         <load_address>0x15c6</load_address>
         <run_address>0x15c6</run_address>
         <size>0x27</size>
         <alignment>0x1</alignment>
         <input_file_ref idref="fl-99"/>
      </object_component>
      <object_component id="oc-1b7">
         <name>.debug_abbrev</name>
         <load_address>0x15ed</load_address>
         <run_address>0x15ed</run_address>
         <size>0x27</size>
         <alignment>0x1</alignment>
         <input_file_ref idref="fl-9a"/>
      </object_component>
      <object_component id="oc-1be">
         <name>.debug_abbrev</name>
         <load_address>0x1614</load_address>
         <run_address>0x1614</run_address>
         <size>0x27</size>
[...]
      </symbol>
      <symbol id="sm-126">
         <name>key_scan</name>
         <value>0x1a95</value>
         <object_component_ref idref="oc-9d"/>
      </symbol>
      <symbol id="sm-127">
         <name>modecount</name>
         <value>0x2020018b</value>
         <object_component_ref idref="oc-ac"/>
      </symbol>
      <symbol id="sm-128">
         <name>key</name>
         <value>0x2020018a</value>
         <object_component_ref idref="oc-ee"/>
      </symbol>
      <symbol id="sm-129">
         <name>main</name>
         <value>0x114d</value>
         <object_component_ref idref="oc-6d"/>
      </symbol>
      <symbol id="sm-12a">
         <name>buffer</name>
         <value>0x2020016c</value>
      </symbol>
      <symbol id="sm-12b">
         <name>gEchoData</name>
         <value>0x20200180</value>
         <object_component_ref idref="oc-ab"/>
      </symbol>
      <symbol id="sm-12c">
         <name>UART0_IRQHandler</name>
         <value>0x2215</value>
         <object_component_ref idref="oc-34"/>
      </symbol>
      <symbol id="sm-12d">
         <name>i</name>
         <value>0x20200184</value>
         <object_component_ref idref="oc-5c"/>
      </symbol>
      <symbol id="sm-158">
         <name>delay1_ms</name>
         <value>0x2819</value>
         <object_component_ref idref="oc-da"/>
      </symbol>
      <symbol id="sm-159">
         <name>OLED_WR_Byte</name>
         <value>0x2265</value>
         <object_component_ref idref="oc-db"/>
      </symbol>
      <symbol id="sm-15a">
         <name>I2C_Start</name>
         <value>0x2349</value>
         <object_component_ref idref="oc-158"/>
      </symbol>
      <symbol id="sm-15b">
         <name>Send_Byte</name>
         <value>0x1ed5</value>
         <object_component_ref idref="oc-159"/>
      </symbol>
      <symbol id="sm-15c">
         <name>I2C_WaitAck</name>
         <value>0x2651</value>
         <object_component_ref idref="oc-15a"/>
      </symbol>
      <symbol id="sm-15d">
         <name>I2C_Stop</name>
         <value>0x261d</value>
         <object_component_ref idref="oc-15b"/>
      </symbol>
      <symbol id="sm-15e">
         <name>OLED_Set_Pos</name>
         <value>0x2449</value>
         <object_component_ref idref="oc-165"/>
      </symbol>
      <symbol id="sm-15f">
         <name>OLED_Clear</name>
         <value>0x2045</value>
         <object_component_ref idref="oc-8c"/>
      </symbol>
      <symbol id="sm-160">
         <name>OLED_ShowChar</name>
         <value>0xe0d</value>
         <object_component_ref idref="oc-ec"/>
      </symbol>
      <symbol id="sm-161">
         <name>asc2_1608</name>
         <value>0x2d20</value>
         <object_component_ref idref="oc-166"/>
      </symbol>
      <symbol id="sm-162">
         <name>asc2_0806</name>
         <value>0x3310</value>
         <object_component_ref idref="oc-167"/>
      </symbol>
      <symbol id="sm-163">
         <name>oled_pow</name>
         <value>0x26eb</value>
         <object_component_ref idref="oc-e7"/>
      </symbol>
      <symbol id="sm-164">
         <name>OLED_ShowNum</name>
         <value>0x157b</value>
         <object_component_ref idref="oc-9c"/>
      </symbol>
      <symbol id="sm-165">
         <name>OLED_Init</name>
         <value>0x1481</value>
         <object_component_ref idref="oc-87"/>
      </symbol>
      <symbol id="sm-178">
         <name>delay6_ms</name>
         <value>0x287f</value>
         <object_component_ref idref="oc-fc"/>
      </symbol>
      <symbol id="sm-179">
         <name>firstrun</name>
         <value>0x18c9</value>
         <object_component_ref idref="oc-9e"/>
      </symbol>
      <symbol id="sm-17a">
         <name>beep1</name>
         <value>0x20200178</value>
      </symbol>
      <symbol id="sm-196">
         <name>delay3_ms</name>
         <value>0x283b</value>
         <object_component_ref idref="oc-103"/>
      </symbol>
      <symbol id="sm-197">
         <name>beep</name>
         <value>0xba1</value>
         <object_component_ref idref="oc-100"/>
      </symbol>
      <symbol id="sm-198">
         <name>out1</name>
         <value>0x2020017d</value>
      </symbol>
      <symbol id="sm-199">
         <name>online1</name>
         <value>0x2020017b</value>
      </symbol>
      <symbol id="sm-19a">
         <name>out2</name>
         <value>0x2020017e</value>
      </symbol>
      <symbol id="sm-19b">
         <name>online2</name>
         <value>0x2020017c</value>
      </symbol>
      <symbol id="sm-19c">
         <name>findline</name>
         <value>0x671</value>
         <object_component_ref idref="oc-a3"/>
      </symbol>
      <symbol id="sm-19d">
         <name>count</name>
         <value>0x20200188</value>
         <object_component_ref idref="oc-104"/>
      </symbol>
      <symbol id="sm-19e">
         <name>flag</name>
         <value>0x20200189</value>
         <object_component_ref idref="oc-105"/>
      </symbol>
      <symbol id="sm-19f">
         <name>finderleft</name>
         <value>0xf25</value>
         <object_component_ref idref="oc-10a"/>
      </symbol>
      <symbol id="sm-1a0">
         <name>finderright</name>
         <value>0x1039</value>
         <object_component_ref idref="oc-10e"/>
      </symbol>
      <symbol id="sm-1bf">
         <name>delay4_ms</name>
         <value>0x285d</value>
         <object_component_ref idref="oc-10d"/>
      </symbol>
      <symbol id="sm-1c0">
         <name>getdata</name>
         <value>0x2c95</value>
         <object_component_ref idref="oc-97"/>
      </symbol>
      <symbol id="sm-1c1">
         <name>EchoData</name>
         <value>0x20200168</value>
      </symbol>
      <symbol id="sm-1c2">
         <name>rounder</name>
         <value>0x3cd</value>
         <object_component_ref idref="oc-a8"/>
      </symbol>
      <symbol id="sm-1c3">
         <name>C</name>
         <value>0x20200176</value>
      </symbol>
      <symbol id="sm-1c4">
         <name>countBC</name>
         <value>0x20200170</value>
      </symbol>
      <symbol id="sm-1c5">
         <name>B</name>
         <value>0x20200175</value>
      </symbol>
      <symbol id="sm-1c6">
         <name>A</name>
         <value>0x20200174</value>
      </symbol>
      <symbol id="sm-1c7">
         <name>flagBD</name>
         <value>0x2020017a</value>
      </symbol>
      <symbol id="sm-1c8">
         <name>initflags</name>
         <value>0x2685</value>
         <object_component_ref idref="oc-115"/>
      </symbol>
      <symbol id="sm-1c9">
         <name>D</name>
         <value>0x20200177</value>
      </symbol>
      <symbol id="sm-1ca">
         <name>round4</name>
         <value>0xc1</value>
         <object_component_ref idref="oc-114"/>
      </symbol>
      <symbol id="sm-1cb">
         <name>count_round</name>
         <value>0x20200179</value>
      </symbol>
      <symbol id="sm-1cc">
         <name>disiti</name>
         <value>0x1c41</value>
         <object_component_ref idref="oc-a9"/>
      </symbol>
      <symbol id="sm-1d9">
         <name>readscare</name>
         <value>0x180d</value>
         <object_component_ref idref="oc-ef"/>
      </symbol>
      <symbol id="sm-1f0">
         <name>Set_Enconder_Duty</name>
         <value>0x1a01</value>
         <object_component_ref idref="oc-171"/>
      </symbol>
      <symbol id="sm-1f1">
         <name>motorf_run</name>
         <value>0x1261</value>
         <object_component_ref idref="oc-f9"/>
      </symbol>
      <symbol id="sm-1f2">
         <name>motorb_run</name>
         <value>0x1375</value>
         <object_component_ref idref="oc-f4"/>
      </symbol>
      <symbol id="sm-203">
         <name>pid_init</name>
         <value>0x2775</value>
         <object_component_ref idref="oc-91"/>
      </symbol>
      <symbol id="sm-204">
         <name>motor_target_set</name>
         <value>0x2b5d</value>
         <object_component_ref idref="oc-108"/>
      </symbol>
      <symbol id="sm-205">
         <name>motorA</name>
         <value>0x20200134</value>
      </symbol>
      <symbol id="sm-206">
         <name>pid_control</name>
         <value>0x1965</value>
         <object_component_ref idref="oc-109"/>
      </symbol>
      <symbol id="sm-207">
         <name>pid_cal</name>
         <value>0xcf1</value>
         <object_component_ref idref="oc-180"/>
      </symbol>
      <symbol id="sm-208">
         <name>__TI_ATRegion0_src_addr</name>
         <value>0x0</value>
      </symbol>
      <symbol id="sm-209">
         <name>__TI_ATRegion0_trg_addr</name>
         <value>0x0</value>
      </symbol>
      <symbol id="sm-20a">
         <name>__TI_ATRegion0_region_sz</name>
         <value>0x0</value>
      </symbol>
      <symbol id="sm-20b">
         <name>__TI_ATRegion1_src_addr</name>
         <value>0x0</value>
      </symbol>
      <symbol id="sm-20c">
         <name>__TI_ATRegion1_trg_addr</name>
         <value>0x0</value>
      </symbol>
      <symbol id="sm-20d">
         <name>__TI_ATRegion1_region_sz</name>
         <value>0x0</value>
      </symbol>
      <symbol id="sm-20e">
         <name>__TI_ATRegion2_src_addr</name>
         <value>0x0</value>
      </symbol>
      <symbol id="sm-20f">
         <name>__TI_ATRegion2_trg_addr</name>
         <value>0x0</value>
      </symbol>
      <symbol id="sm-210">
         <name>__TI_ATRegion2_region_sz</name>
         <value>0x0</value>
      </symbol>
      <symbol id="sm-219">
         <name>DL_Common_delayCycles</name>
         <value>0x2d01</value>
         <object_component_ref idref="oc-e0"/>
      </symbol>
      <symbol id="sm-233">
         <name>DL_Timer_setClockConfig</name>
         <value>0x2975</value>
         <object_component_ref idref="oc-135"/>
      </symbol>
      <symbol id="sm-234">
         <name>DL_Timer_setCaptureCompareValue</name>
         <value>0x2cf1</value>
         <object_component_ref idref="oc-13e"/>
      </symbol>
      <symbol id="sm-235">
         <name>DL_Timer_initPWMMode</name>
         <value>0x1749</value>
         <object_component_ref idref="oc-13b"/>
      </symbol>
      <symbol id="sm-236">
         <name>DL_Timer_setCaptureCompareOutCtl</name>
         <value>0x2afd</value>
         <object_component_ref idref="oc-13c"/>
      </symbol>
      <symbol id="sm-237">
         <name>DL_Timer_setCaptCompUpdateMethod</name>
         <value>0x2959</value>
         <object_component_ref idref="oc-13d"/>
      </symbol>
      <symbol id="sm-238">
         <name>DL_TimerA_initPWMMode</name>
         <value>0x1e55</value>
         <object_component_ref idref="oc-143"/>
      </symbol>
      <symbol id="sm-245">
         <name>DL_UART_init</name>
         <value>0x2301</value>
         <object_component_ref idref="oc-14e"/>
      </symbol>
      <symbol id="sm-246">
         <name>DL_UART_setClockConfig</name>
         <value>0x2ca9</value>
         <object_component_ref idref="oc-148"/>
      </symbol>
      <symbol id="sm-251">
         <name>_c_int00_noargs</name>
         <value>0x27f1</value>
         <object_component_ref idref="oc-54"/>
      </symbol>
      <symbol id="sm-252">
         <name>__stack</name>
         <value>0x20207e00</value>
         <object_component_ref idref="oc-1a"/>
      </symbol>
      <symbol id="sm-25e">
         <name>__TI_auto_init_nobinit_nopinit</name>
         <value>0x24fd</value>
         <object_component_ref idref="oc-b4"/>
      </symbol>
      <symbol id="sm-266">
         <name>_system_pre_init</name>
         <value>0x2d19</value>
         <object_component_ref idref="oc-69"/>
      </symbol>
      <symbol id="sm-271">
         <name>__TI_zero_init_nomemset</name>
         <value>0x2bb7</value>
         <object_component_ref idref="oc-4b"/>
      </symbol>
      <symbol id="sm-27a">
         <name>__TI_decompress_none</name>
         <value>0x2ccd</value>
         <object_component_ref idref="oc-20"/>
      </symbol>
      <symbol id="sm-285">
         <name>__TI_decompress_lzss</name>
         <value>0x1f55</value>
         <object_component_ref idref="oc-1c"/>
      </symbol>
      <symbol id="sm-28f">
         <name>abort</name>
         <value>0x2d1d</value>
         <object_component_ref idref="oc-ad"/>
      </symbol>
      <symbol id="sm-290">
         <name>C$$EXIT</name>
         <value>0x2d1c</value>
         <object_component_ref idref="oc-ad"/>
      </symbol>
      <symbol id="sm-298">
         <name>__aeabi_fadd</name>
         <value>0x167b</value>
         <object_component_ref idref="oc-1ac"/>
      </symbol>
      <symbol id="sm-299">
         <name>__addsf3</name>
         <value>0x167b</value>
         <object_component_ref idref="oc-1ac"/>
      </symbol>
      <symbol id="sm-29a">
         <name>__aeabi_fsub</name>
         <value>0x1671</value>
         <object_component_ref idref="oc-1ac"/>
      </symbol>
      <symbol id="sm-29b">
         <name>__subsf3</name>
         <value>0x1671</value>
         <object_component_ref idref="oc-1ac"/>
      </symbol>
      <symbol id="sm-2a1">
         <name>__aeabi_dadd</name>
         <value>0xa17</value>
         <object_component_ref idref="oc-185"/>
      </symbol>
      <symbol id="sm-2a2">
         <name>__adddf3</name>
         <value>0xa17</value>
         <object_component_ref idref="oc-185"/>
      </symbol>
      <symbol id="sm-2a3">
         <name>__aeabi_dsub</name>
         <value>0xa0d</value>
         <object_component_ref idref="oc-185"/>
      </symbol>
      <symbol id="sm-2a4">
         <name>__subdf3</name>
         <value>0xa0d</value>
         <object_component_ref idref="oc-185"/>
      </symbol>
      <symbol id="sm-2aa">
         <name>__aeabi_fmul</name>
         <value>0x1bb5</value>
         <object_component_ref idref="oc-1a8"/>
      </symbol>
      <symbol id="sm-2ab">
         <name>__mulsf3</name>
         <value>0x1bb5</value>
         <object_component_ref idref="oc-1a8"/>
      </symbol>
      <symbol id="sm-2b1">
         <name>__aeabi_f2d</name>
         <value>0x2409</value>
         <object_component_ref idref="oc-181"/>
      </symbol>
      <symbol id="sm-2b2">
         <name>__extendsfdf2</name>
         <value>0x2409</value>
         <object_component_ref idref="oc-181"/>
      </symbol>
      <symbol id="sm-2b8">
         <name>__aeabi_f2uiz</name>
         <value>0x26b9</value>
         <object_component_ref idref="oc-1b0"/>
      </symbol>
      <symbol id="sm-2b9">
         <name>__fixunssfsi</name>
         <value>0x26b9</value>
         <object_component_ref idref="oc-1b0"/>
      </symbol>
      <symbol id="sm-2bf">
         <name>__aeabi_i2f</name>
         <value>0x2485</value>
         <object_component_ref idref="oc-178"/>
      </symbol>
      <symbol id="sm-2c0">
         <name>__floatsisf</name>
         <value>0x2485</value>
         <object_component_ref idref="oc-178"/>
      </symbol>
      <symbol id="sm-2c6">
         <name>__aeabi_ui2f</name>
         <value>0x27c9</value>
         <object_component_ref idref="oc-17c"/>
      </symbol>
      <symbol id="sm-2c7">
         <name>__floatunsisf</name>
         <value>0x27c9</value>
         <object_component_ref idref="oc-17c"/>
      </symbol>
      <symbol id="sm-2ce">
         <name>__aeabi_d2f</name>
         <value>0x1fd1</value>
         <object_component_ref idref="oc-189"/>
      </symbol>
      <symbol id="sm-2cf">
         <name>__truncdfsf2</name>
         <value>0x1fd1</value>
         <object_component_ref idref="oc-189"/>
      </symbol>
      <symbol id="sm-2d5">
         <name>__aeabi_fcmpeq</name>
         <value>0x20b1</value>
         <object_component_ref idref="oc-16b"/>
      </symbol>
      <symbol id="sm-2d6">
         <name>__aeabi_fcmplt</name>
         <value>0x20c5</value>
         <object_component_ref idref="oc-16b"/>
      </symbol>
      <symbol id="sm-2d7">
         <name>__aeabi_fcmple</name>
         <value>0x20d9</value>
         <object_component_ref idref="oc-16b"/>
      </symbol>
      <symbol id="sm-2d8">
         <name>__aeabi_fcmpge</name>
         <value>0x20ed</value>
         <object_component_ref idref="oc-16b"/>
      </symbol>
      <symbol id="sm-2d9">
         <name>__aeabi_fcmpgt</name>
         <value>0x2101</value>
         <object_component_ref idref="oc-16b"/>
      </symbol>
      <symbol id="sm-2df">
         <name>__aeabi_memcpy</name>
         <value>0x2d0d</value>
         <object_component_ref idref="oc-44"/>
      </symbol>
      <symbol id="sm-2e0">
         <name>__aeabi_memcpy4</name>
         <value>0x2d0d</value>
         <object_component_ref idref="oc-44"/>
      </symbol>
      <symbol id="sm-2e1">
         <name>__aeabi_memcpy8</name>
         <value>0x2d0d</value>
         <object_component_ref idref="oc-44"/>
      </symbol>
      <symbol id="sm-2e7">
         <name>__aeabi_uidiv</name>
         <value>0x23c9</value>
         <object_component_ref idref="oc-e8"/>
      </symbol>
      <symbol id="sm-2e8">
         <name>__aeabi_uidivmod</name>
         <value>0x23c9</value>
         <object_component_ref idref="oc-e8"/>
      </symbol>
      <symbol id="sm-2f1">
         <name>__eqsf2</name>
         <value>0x2539</value>
         <object_component_ref idref="oc-1a1"/>
      </symbol>
      <symbol id="sm-2f2">
         <name>__lesf2</name>
         <value>0x2539</value>
         <object_component_ref idref="oc-1a1"/>
      </symbol>
      <symbol id="sm-2f3">
         <name>__ltsf2</name>
         <value>0x2539</value>
         <object_component_ref idref="oc-1a1"/>
      </symbol>
      <symbol id="sm-2f4">
         <name>__nesf2</name>
         <value>0x2539</value>
         <object_component_ref idref="oc-1a1"/>
      </symbol>
      <symbol id="sm-2f5">
         <name>__cmpsf2</name>
         <value>0x2539</value>
         <object_component_ref idref="oc-1a1"/>
      </symbol>
      <symbol id="sm-2f6">
         <name>__gtsf2</name>
         <value>0x24c1</value>
         <object_component_ref idref="oc-1a6"/>
      </symbol>
      <symbol id="sm-2f7">
         <name>__gesf2</name>
         <value>0x24c1</value>
         <object_component_ref idref="oc-1a6"/>
      </symbol>
      <symbol id="sm-2fd">
         <name>__muldsi3</name>
         <value>0x2575</value>
         <object_component_ref idref="oc-1ba"/>
      </symbol>
      <symbol id="sm-303">
         <name>__aeabi_f2iz</name>
         <value>0x25b1</value>
         <object_component_ref idref="oc-1c0"/>
      </symbol>
      <symbol id="sm-304">
         <name>__fixsfsi</name>
         <value>0x25b1</value>
         <object_component_ref idref="oc-1c0"/>
      </symbol>
      <symbol id="sm-30e">
         <name>__aeabi_idiv0</name>
         <value>0x20af</value>
         <object_component_ref idref="oc-15f"/>
      </symbol>
      <symbol id="sm-317">
         <name>TI_memcpy_small</name>
         <value>0x2cbb</value>
         <object_component_ref idref="oc-78"/>
      </symbol>
      <symbol id="sm-318">
         <name>__TI_static_base__</name>
         <value>0x0</value>
      </symbol>
      <symbol id="sm-31b">
         <name>__mpu_init</name>
         <value>0x0</value>
      </symbol>
      <symbol id="sm-31c">
         <name>_system_post_cinit</name>
         <value>0x0</value>
      </symbol>
   </symbol_table>
   <title>Link successful</title>
</link_info>
